V3 162
FL "C:/Proyecto Cyclos_Cuba/FPGA/Cyclops_Cuba/FPGA/IO4/ADC+/ISE/rawfifo255x14.vhd" 2008/07/31.13:32:40 K.31
FL "C:/Proyecto Cyclos_Cuba/FPGA/Cyclops_Cuba/FPGA/IO4/ADC+/Src/led.vhd" 2007/11/12.16:43:32 K.31
FL "C:/Proyecto Cyclos_Cuba/FPGA/Cyclops_Cuba/FPGA/IO4/ADC+/Src/USER_AP_ADC.vhd" 2009/05/19.14:38:52 K.31
FL "C:/Proyecto Cyclos_Cuba/FPGA/Cyclops_Cuba/FPGA/IO4/common/HE_ADC.vhd" 2007/11/12.16:43:32 K.31
FL "C:/Proyecto Cyclos_Cuba/FPGA/Cyclops_Cuba/FPGA/IO4/common/HE_DAC.vhd" 2007/11/12.16:43:32 K.31
FL "C:/Proyecto Cyclos_Cuba/FPGA/Cyclops_Cuba/FPGA/IO4/common/HE_RWCLK.vhd" 2007/11/12.16:43:32 K.31
FL "C:/Proyecto Cyclos_Cuba/FPGA/Cyclops_Cuba/FPGA/IO4/common/HE_SCLK.vhd" 2007/11/12.16:43:32 K.31
FL "C:/Proyecto Cyclos_Cuba/FPGA/Cyclops_Cuba/FPGA/IO4/common/HE_USER.vhd" 2007/11/12.16:43:32 K.31
FL "C:/Proyecto Cyclos_Cuba/FPGA/Cyclops_Cuba/FPGA/IO4/Common/HE_WR_6F.vhd" 2007/11/12.16:43:32 K.31
FL "C:/Proyecto Cyclos_Cuba/FPGA/Cyclops_Cuba/FPGA/IO4/common/TOP.vhd" 2007/11/12.16:43:32 K.31
FL "C:/Proyecto Cyclos_Cuba/FPGA/Cyclops_Cuba/FPGA/IO4/common/V2ES_RWC.vhd" 2007/11/12.16:43:32 K.31
FL "C:/Proyecto Cyclos_Cuba/FPGA/Cyclops_Cuba/FPGA/IO4/Common/V2_RD_6F.vhd" 2007/11/12.16:43:32 K.31
FL "C:/Proyecto Cyclos_Cuba/FPGA/New_Cyclop/IO4/ADC+/ISE/rawfifo255x14.vhd" 2008/07/31.12:32:40 K.31
FL "C:/Proyecto Cyclos_Cuba/FPGA/New_Cyclop/IO4/ADC+/Src/led.vhd" 2007/11/12.15:43:32 K.31
FL "C:/Proyecto Cyclos_Cuba/FPGA/New_Cyclop/IO4/ADC+/Src/USER_AP_ADC.vhd" 2010/01/19.08:55:15 K.31
FL "C:/Proyecto Cyclos_Cuba/FPGA/New_Cyclop/IO4/common/HE_ADC.vhd" 2007/11/12.15:43:32 K.31
FL "C:/Proyecto Cyclos_Cuba/FPGA/New_Cyclop/IO4/common/HE_DAC.vhd" 2007/11/12.15:43:32 K.31
FL "C:/Proyecto Cyclos_Cuba/FPGA/New_Cyclop/IO4/common/HE_RWCLK.vhd" 2007/11/12.15:43:32 K.31
FL "C:/Proyecto Cyclos_Cuba/FPGA/New_Cyclop/IO4/common/HE_SCLK.vhd" 2007/11/12.15:43:32 K.31
FL "C:/Proyecto Cyclos_Cuba/FPGA/New_Cyclop/IO4/common/HE_USER.vhd" 2007/11/12.15:43:32 K.31
FL "C:/Proyecto Cyclos_Cuba/FPGA/New_Cyclop/IO4/Common/HE_WR_6F.vhd" 2007/11/12.15:43:32 K.31
FL "C:/Proyecto Cyclos_Cuba/FPGA/New_Cyclop/IO4/common/TOP.vhd" 2007/11/12.15:43:32 K.31
FL "C:/Proyecto Cyclos_Cuba/FPGA/New_Cyclop/IO4/common/V2ES_RWC.vhd" 2007/11/12.15:43:32 K.31
FL "C:/Proyecto Cyclos_Cuba/FPGA/New_Cyclop/IO4/Common/V2_RD_6F.vhd" 2007/11/12.15:43:32 K.31
FL C:/Robert/Programacion/FPGA/Copy_Met_Office/FPGA/IO4/ADC+/Src/led.vhd 2007/11/12.16:43:32 K.31
FL C:/Robert/Programacion/FPGA/Copy_Met_Office/FPGA/IO4/ADC+/Src/USER_AP_ADC.vhd 2008/07/02.05:27:11 K.31
FL C:/Robert/Programacion/FPGA/Copy_Met_Office/FPGA/IO4/common/HE_ADC.vhd 2007/11/12.16:43:32 K.31
FL C:/Robert/Programacion/FPGA/Copy_Met_Office/FPGA/IO4/common/HE_DAC.vhd 2007/11/12.16:43:32 K.31
FL C:/Robert/Programacion/FPGA/Copy_Met_Office/FPGA/IO4/common/HE_RWCLK.vhd 2007/11/12.16:43:32 K.31
FL C:/Robert/Programacion/FPGA/Copy_Met_Office/FPGA/IO4/common/HE_SCLK.vhd 2007/11/12.16:43:32 K.31
FL C:/Robert/Programacion/FPGA/Copy_Met_Office/FPGA/IO4/common/HE_USER.vhd 2007/11/12.16:43:32 K.31
FL C:/Robert/Programacion/FPGA/Copy_Met_Office/FPGA/IO4/Common/HE_WR_6F.vhd 2007/11/12.16:43:32 K.31
FL C:/Robert/Programacion/FPGA/Copy_Met_Office/FPGA/IO4/common/TOP.vhd 2007/11/12.16:43:32 K.31
FL C:/Robert/Programacion/FPGA/Copy_Met_Office/FPGA/IO4/common/V2ES_RWC.vhd 2007/11/12.16:43:32 K.31
FL C:/Robert/Programacion/FPGA/Copy_Met_Office/FPGA/IO4/Common/V2_RD_6F.vhd 2007/11/12.16:43:32 K.31
FL "C:/Robert/Proyecto Radar Doppler/Proyecto Cyclos_Cuba/FPGA/New_Cyclop/IO4/ADC+/ISE/rawfifo255x14.vhd" 2008/07/31.12:32:40 K.31
FL "C:/Robert/Proyecto Radar Doppler/Proyecto Cyclos_Cuba/FPGA/New_Cyclop/IO4/ADC+/Src/led.vhd" 2007/11/12.15:43:32 K.31
FL "C:/Robert/Proyecto Radar Doppler/Proyecto Cyclos_Cuba/FPGA/New_Cyclop/IO4/ADC+/Src/USER_AP_ADC.vhd" 2010/01/19.08:55:15 K.31
FL "C:/Robert/Proyecto Radar Doppler/Proyecto Cyclos_Cuba/FPGA/New_Cyclop/IO4/common/HE_ADC.vhd" 2007/11/12.15:43:32 K.31
FL "C:/Robert/Proyecto Radar Doppler/Proyecto Cyclos_Cuba/FPGA/New_Cyclop/IO4/common/HE_DAC.vhd" 2007/11/12.15:43:32 K.31
FL "C:/Robert/Proyecto Radar Doppler/Proyecto Cyclos_Cuba/FPGA/New_Cyclop/IO4/common/HE_RWCLK.vhd" 2007/11/12.15:43:32 K.31
FL "C:/Robert/Proyecto Radar Doppler/Proyecto Cyclos_Cuba/FPGA/New_Cyclop/IO4/common/HE_SCLK.vhd" 2007/11/12.15:43:32 K.31
FL "C:/Robert/Proyecto Radar Doppler/Proyecto Cyclos_Cuba/FPGA/New_Cyclop/IO4/common/HE_USER.vhd" 2007/11/12.15:43:32 K.31
FL "C:/Robert/Proyecto Radar Doppler/Proyecto Cyclos_Cuba/FPGA/New_Cyclop/IO4/Common/HE_WR_6F.vhd" 2007/11/12.15:43:32 K.31
FL "C:/Robert/Proyecto Radar Doppler/Proyecto Cyclos_Cuba/FPGA/New_Cyclop/IO4/common/TOP.vhd" 2007/11/12.15:43:32 K.31
FL "C:/Robert/Proyecto Radar Doppler/Proyecto Cyclos_Cuba/FPGA/New_Cyclop/IO4/common/V2ES_RWC.vhd" 2007/11/12.15:43:32 K.31
FL "C:/Robert/Proyecto Radar Doppler/Proyecto Cyclos_Cuba/FPGA/New_Cyclop/IO4/Common/V2_RD_6F.vhd" 2007/11/12.15:43:32 K.31
FL "C:/Robert_Work/Proyecto Radar Doppler/Proyecto Radar CSB/Doppler/S Band/IO4/ADC+/ISE/rawfifo511x14.vhd" 2020/01/23.21:12:11 K.31
FL "C:/Robert_Work/Proyecto Radar Doppler/Proyecto Radar CSB/Doppler/S Band/IO4/ADC+/Src/led.vhd" 2007/11/12.15:43:32 K.31
FL "C:/Robert_Work/Proyecto Radar Doppler/Proyecto Radar CSB/Doppler/S Band/IO4/ADC+/Src/USER_AP_ADC.vhd" 2020/01/23.21:24:04 K.31
FL "C:/Robert_Work/Proyecto Radar Doppler/Proyecto Radar CSB/Doppler/S Band/IO4/common/HE_ADC.vhd" 2007/11/12.15:43:32 K.31
FL "C:/Robert_Work/Proyecto Radar Doppler/Proyecto Radar CSB/Doppler/S Band/IO4/common/HE_DAC.vhd" 2007/11/12.15:43:32 K.31
FL "C:/Robert_Work/Proyecto Radar Doppler/Proyecto Radar CSB/Doppler/S Band/IO4/common/HE_RWCLK.vhd" 2007/11/12.15:43:32 K.31
FL "C:/Robert_Work/Proyecto Radar Doppler/Proyecto Radar CSB/Doppler/S Band/IO4/common/HE_SCLK.vhd" 2007/11/12.15:43:32 K.31
FL "C:/Robert_Work/Proyecto Radar Doppler/Proyecto Radar CSB/Doppler/S Band/IO4/common/HE_USER.vhd" 2007/11/12.15:43:32 K.31
FL "C:/Robert_Work/Proyecto Radar Doppler/Proyecto Radar CSB/Doppler/S Band/IO4/Common/HE_WR_6F.vhd" 2007/11/12.15:43:32 K.31
FL "C:/Robert_Work/Proyecto Radar Doppler/Proyecto Radar CSB/Doppler/S Band/IO4/common/TOP.vhd" 2007/11/12.15:43:32 K.31
FL "C:/Robert_Work/Proyecto Radar Doppler/Proyecto Radar CSB/Doppler/S Band/IO4/common/V2ES_RWC.vhd" 2007/11/12.15:43:32 K.31
FL "C:/Robert_Work/Proyecto Radar Doppler/Proyecto Radar CSB/Doppler/S Band/IO4/Common/V2_RD_6F.vhd" 2007/11/12.15:43:32 K.31
FL "D:/Proyecto Radar CSB/Doppler RDA/FPGA/Doppler/S Band/IO4/ADC+/ISE/DDS_10.vhd" 2020/02/28.12:02:43 K.31
EN work/DDS_10 1593120446 \
      FL "D:/Proyecto Radar CSB/Doppler RDA/FPGA/Doppler/S Band/IO4/ADC+/ISE/DDS_10.vhd" \
      PB ieee/std_logic_1164 1200023565
AR work/DDS_10/DDS_10_a 1593120447 \
      FL "D:/Proyecto Radar CSB/Doppler RDA/FPGA/Doppler/S Band/IO4/ADC+/ISE/DDS_10.vhd" \
      EN work/DDS_10 1593120446
FL "D:/Proyecto Radar CSB/Doppler RDA/FPGA/Doppler/S Band/IO4/ADC+/ISE/MyDCM.vhd" 2020/02/27.16:30:29 K.31
EN work/MyDCM 1582851879 \
      FL "D:/Proyecto Radar CSB/Doppler RDA/FPGA/Doppler/S Band/IO4/ADC+/ISE/MyDCM.vhd" \
      PB ieee/std_logic_1164 1200023565 PH ieee/NUMERIC_STD 1200023568 LB UNISIM \
      PH unisim/VCOMPONENTS 1200023571
AR work/MyDCM/BEHAVIORAL 1582851880 \
      FL "D:/Proyecto Radar CSB/Doppler RDA/FPGA/Doppler/S Band/IO4/ADC+/ISE/MyDCM.vhd" \
      EN work/MyDCM 1582851879 CP BUFG CP IBUFG CP DCM
FL "D:/Proyecto Radar CSB/Doppler RDA/FPGA/Doppler/S Band/IO4/ADC+/ISE/rawfifo511x14.vhd" 2020/01/23.19:12:11 K.31
EN work/rawfifo511x14 1593120444 \
      FL "D:/Proyecto Radar CSB/Doppler RDA/FPGA/Doppler/S Band/IO4/ADC+/ISE/rawfifo511x14.vhd" \
      PB ieee/std_logic_1164 1200023565
AR work/rawfifo511x14/rawfifo511x14_a 1593120445 \
      FL "D:/Proyecto Radar CSB/Doppler RDA/FPGA/Doppler/S Band/IO4/ADC+/ISE/rawfifo511x14.vhd" \
      EN work/rawfifo511x14 1593120444
FL "D:/Proyecto Radar CSB/Doppler RDA/FPGA/Doppler/S Band/IO4/ADC+/Src/led.vhd" 2007/11/12.13:43:32 K.31
EN work/LED_CNTR 1593120448 \
      FL "D:/Proyecto Radar CSB/Doppler RDA/FPGA/Doppler/S Band/IO4/ADC+/Src/led.vhd" \
      PB ieee/std_logic_1164 1200023565 PH ieee/NUMERIC_STD 1200023568
AR work/LED_CNTR/RTL 1593120449 \
      FL "D:/Proyecto Radar CSB/Doppler RDA/FPGA/Doppler/S Band/IO4/ADC+/Src/led.vhd" \
      EN work/LED_CNTR 1593120448
FL "D:/Proyecto Radar CSB/Doppler RDA/FPGA/Doppler/S Band/IO4/ADC+/Src/USER_AP_ADC.vhd" 2020/06/25.14:27:21 K.31
PH work/CONFIG 1593120472 \
      FL "D:/Proyecto Radar CSB/Doppler RDA/FPGA/Doppler/S Band/IO4/ADC+/Src/USER_AP_ADC.vhd"
EN work/USER_AP 1593120473 \
      FL "D:/Proyecto Radar CSB/Doppler RDA/FPGA/Doppler/S Band/IO4/ADC+/Src/USER_AP_ADC.vhd" \
      LB UNISIM PB ieee/std_logic_1164 1200023565 PH ieee/NUMERIC_STD 1200023568 \
      PH work/CONFIG 1593120472 PB ieee/STD_LOGIC_UNSIGNED 1200023567 \
      PH unisim/VCOMPONENTS 1200023571
AR work/USER_AP/ADC 1593120474 \
      FL "D:/Proyecto Radar CSB/Doppler RDA/FPGA/Doppler/S Band/IO4/ADC+/Src/USER_AP_ADC.vhd" \
      EN work/USER_AP 1593120473 CP myddc CP iq_out_fifo CP rawfifo511x14 CP DDS_10 \
      CP LED_CNTR CP FDC CP BUFG
FL "D:/Proyecto Radar CSB/Doppler RDA/FPGA/Doppler/S Band/IO4/common/HE_ADC.vhd" 2007/11/12.13:43:32 K.31
EN work/HE_ADC 1593120468 \
      FL "D:/Proyecto Radar CSB/Doppler RDA/FPGA/Doppler/S Band/IO4/common/HE_ADC.vhd" \
      PB ieee/std_logic_1164 1200023565
AR work/HE_ADC/RTL 1593120469 \
      FL "D:/Proyecto Radar CSB/Doppler RDA/FPGA/Doppler/S Band/IO4/common/HE_ADC.vhd" \
      EN work/HE_ADC 1593120468 CP FDC
FL "D:/Proyecto Radar CSB/Doppler RDA/FPGA/Doppler/S Band/IO4/common/HE_DAC.vhd" 2007/11/12.13:43:32 K.31
EN work/HE_DAC 1593120470 \
      FL "D:/Proyecto Radar CSB/Doppler RDA/FPGA/Doppler/S Band/IO4/common/HE_DAC.vhd" \
      PB ieee/std_logic_1164 1200023565
AR work/HE_DAC/RTL 1593120471 \
      FL "D:/Proyecto Radar CSB/Doppler RDA/FPGA/Doppler/S Band/IO4/common/HE_DAC.vhd" \
      EN work/HE_DAC 1593120470 CP FD
FL "D:/Proyecto Radar CSB/Doppler RDA/FPGA/Doppler/S Band/IO4/common/HE_RWCLK.vhd" 2007/11/12.13:43:32 K.31
EN work/HE_RWCLK 1593120450 \
      FL "D:/Proyecto Radar CSB/Doppler RDA/FPGA/Doppler/S Band/IO4/common/HE_RWCLK.vhd" \
      PB ieee/std_logic_1164 1200023565
AR work/HE_RWCLK/RTL 1593120451 \
      FL "D:/Proyecto Radar CSB/Doppler RDA/FPGA/Doppler/S Band/IO4/common/HE_RWCLK.vhd" \
      EN work/HE_RWCLK 1593120450 CP FDP CP CLKDLLHF CP CLKDLL CP BUFG
FL "D:/Proyecto Radar CSB/Doppler RDA/FPGA/Doppler/S Band/IO4/common/HE_SCLK.vhd" 2007/11/12.13:43:32 K.31
EN work/HE_SCLK 1593120466 \
      FL "D:/Proyecto Radar CSB/Doppler RDA/FPGA/Doppler/S Band/IO4/common/HE_SCLK.vhd" \
      PB ieee/std_logic_1164 1200023565
AR work/HE_SCLK/RTL 1593120467 \
      FL "D:/Proyecto Radar CSB/Doppler RDA/FPGA/Doppler/S Band/IO4/common/HE_SCLK.vhd" \
      EN work/HE_SCLK 1593120466 CP BUFG
FL "D:/Proyecto Radar CSB/Doppler RDA/FPGA/Doppler/S Band/IO4/common/HE_USER.vhd" 2007/11/12.13:43:32 K.31
EN work/HE_USER 1593120464 \
      FL "D:/Proyecto Radar CSB/Doppler RDA/FPGA/Doppler/S Band/IO4/common/HE_USER.vhd" \
      PB ieee/std_logic_1164 1200023565 PB ieee/std_logic_arith 1200023566 \
      PB ieee/STD_LOGIC_UNSIGNED 1200023567
AR work/HE_USER/RTL 1593120465 \
      FL "D:/Proyecto Radar CSB/Doppler RDA/FPGA/Doppler/S Band/IO4/common/HE_USER.vhd" \
      EN work/HE_USER 1593120464 CP FD
FL "D:/Proyecto Radar CSB/Doppler RDA/FPGA/Doppler/S Band/IO4/Common/HE_WR_6F.vhd" 2007/11/12.13:43:32 K.31
EN work/HE_WR_6F 1593120462 \
      FL "D:/Proyecto Radar CSB/Doppler RDA/FPGA/Doppler/S Band/IO4/Common/HE_WR_6F.vhd" \
      PB ieee/std_logic_1164 1200023565
AR work/HE_WR_6F/RTL 1593120463 \
      FL "D:/Proyecto Radar CSB/Doppler RDA/FPGA/Doppler/S Band/IO4/Common/HE_WR_6F.vhd" \
      EN work/HE_WR_6F 1593120462 CP FD CP FDC
FL "D:/Proyecto Radar CSB/Doppler RDA/FPGA/Doppler/S Band/IO4/common/TOP.vhd" 2007/11/12.13:43:32 K.31
EN work/TOP 1593120475 \
      FL "D:/Proyecto Radar CSB/Doppler RDA/FPGA/Doppler/S Band/IO4/common/TOP.vhd" \
      PB ieee/std_logic_1164 1200023565 PH work/CONFIG 1593120472
AR work/TOP/RTL 1593120476 \
      FL "D:/Proyecto Radar CSB/Doppler RDA/FPGA/Doppler/S Band/IO4/common/TOP.vhd" \
      EN work/TOP 1593120475 CP iobuf CP IBUF CP IBUFG CP OBUF_F_24 CP HE_RWCLK \
      CP ES_RD_LF CP ES_RD_HF CP ES_WR_LF CP ES_WR_HF CP HE_RD_6F CP OBUF_F_8 \
      CP HE_WR_6F CP HE_USER CP OBUFTDS CP HE_SCLK CP HE_ADC CP HE_DAC CP OBUF_F_12 \
      CP USER_AP
FL "D:/Proyecto Radar CSB/Doppler RDA/FPGA/Doppler/S Band/IO4/common/V2ES_RWC.vhd" 2007/11/12.13:43:32 K.31
EN work/ES_RD_LF 1593120452 \
      FL "D:/Proyecto Radar CSB/Doppler RDA/FPGA/Doppler/S Band/IO4/common/V2ES_RWC.vhd" \
      PB ieee/std_logic_1164 1200023565
AR work/ES_RD_LF/RTL 1593120453 \
      FL "D:/Proyecto Radar CSB/Doppler RDA/FPGA/Doppler/S Band/IO4/common/V2ES_RWC.vhd" \
      EN work/ES_RD_LF 1593120452 CP CLKDLL CP BUFG
EN work/ES_RD_HF 1593120454 \
      FL "D:/Proyecto Radar CSB/Doppler RDA/FPGA/Doppler/S Band/IO4/common/V2ES_RWC.vhd" \
      PB ieee/std_logic_1164 1200023565
AR work/ES_RD_HF/RTL 1593120455 \
      FL "D:/Proyecto Radar CSB/Doppler RDA/FPGA/Doppler/S Band/IO4/common/V2ES_RWC.vhd" \
      EN work/ES_RD_HF 1593120454 CP CLKDLLHF CP BUFG
EN work/ES_WR_LF 1593120456 \
      FL "D:/Proyecto Radar CSB/Doppler RDA/FPGA/Doppler/S Band/IO4/common/V2ES_RWC.vhd" \
      PB ieee/std_logic_1164 1200023565
AR work/ES_WR_LF/RTL 1593120457 \
      FL "D:/Proyecto Radar CSB/Doppler RDA/FPGA/Doppler/S Band/IO4/common/V2ES_RWC.vhd" \
      EN work/ES_WR_LF 1593120456 CP CLKDLL CP BUFG
EN work/ES_WR_HF 1593120458 \
      FL "D:/Proyecto Radar CSB/Doppler RDA/FPGA/Doppler/S Band/IO4/common/V2ES_RWC.vhd" \
      PB ieee/std_logic_1164 1200023565
AR work/ES_WR_HF/RTL 1593120459 \
      FL "D:/Proyecto Radar CSB/Doppler RDA/FPGA/Doppler/S Band/IO4/common/V2ES_RWC.vhd" \
      EN work/ES_WR_HF 1593120458 CP CLKDLLHF CP BUFG
FL "D:/Proyecto Radar CSB/Doppler RDA/FPGA/Doppler/S Band/IO4/Common/V2_RD_6F.vhd" 2007/11/12.13:43:32 K.31
EN work/HE_RD_6F 1593120460 \
      FL "D:/Proyecto Radar CSB/Doppler RDA/FPGA/Doppler/S Band/IO4/Common/V2_RD_6F.vhd" \
      PB ieee/std_logic_1164 1200023565
AR work/HE_RD_6F/RTL 1593120461 \
      FL "D:/Proyecto Radar CSB/Doppler RDA/FPGA/Doppler/S Band/IO4/Common/V2_RD_6F.vhd" \
      EN work/HE_RD_6F 1593120460 CP FD CP FDCE CP FDC CP lut4 CP lut3 CP lut2 \
      CP lut4_l CP MUXCY_L CP FDPE
FL "E:/Proyecto Radar Doppler CSB/FPGA/Doppler/S Band/IO4/ADC+/ISE/rawfifo255x14.vhd" 2008/07/31.13:32:40 K.31
EN work/rawfifo255x14 1569003959 \
      FL "E:/Proyecto Radar Doppler CSB/FPGA/Doppler/S Band/IO4/ADC+/ISE/rawfifo255x14.vhd" \
      PB ieee/std_logic_1164 1200023565
AR work/rawfifo255x14/rawfifo255x14_a 1569003960 \
      FL "E:/Proyecto Radar Doppler CSB/FPGA/Doppler/S Band/IO4/ADC+/ISE/rawfifo255x14.vhd" \
      EN work/rawfifo255x14 1569003959
FL "E:/Proyecto Radar Doppler CSB/FPGA/Doppler/S Band/IO4/ADC+/ISE/rawfifo511x14.vhd" 2020/01/23.21:12:11 K.31
FL "E:/Proyecto Radar Doppler CSB/FPGA/Doppler/S Band/IO4/ADC+/Src/led.vhd" 2007/11/12.15:43:32 K.31
FL "E:/Proyecto Radar Doppler CSB/FPGA/Doppler/S Band/IO4/ADC+/Src/USER_AP_ADC.vhd" 2020/01/30.10:35:34 K.31
FL "E:/Proyecto Radar Doppler CSB/FPGA/Doppler/S Band/IO4/common/HE_ADC.vhd" 2007/11/12.15:43:32 K.31
FL "E:/Proyecto Radar Doppler CSB/FPGA/Doppler/S Band/IO4/common/HE_DAC.vhd" 2007/11/12.15:43:32 K.31
FL "E:/Proyecto Radar Doppler CSB/FPGA/Doppler/S Band/IO4/common/HE_RWCLK.vhd" 2007/11/12.15:43:32 K.31
FL "E:/Proyecto Radar Doppler CSB/FPGA/Doppler/S Band/IO4/common/HE_SCLK.vhd" 2007/11/12.15:43:32 K.31
FL "E:/Proyecto Radar Doppler CSB/FPGA/Doppler/S Band/IO4/common/HE_USER.vhd" 2007/11/12.15:43:32 K.31
FL "E:/Proyecto Radar Doppler CSB/FPGA/Doppler/S Band/IO4/Common/HE_WR_6F.vhd" 2007/11/12.15:43:32 K.31
FL "E:/Proyecto Radar Doppler CSB/FPGA/Doppler/S Band/IO4/common/TOP.vhd" 2007/11/12.15:43:32 K.31
FL "E:/Proyecto Radar Doppler CSB/FPGA/Doppler/S Band/IO4/common/V2ES_RWC.vhd" 2007/11/12.15:43:32 K.31
FL "E:/Proyecto Radar Doppler CSB/FPGA/Doppler/S Band/IO4/Common/V2_RD_6F.vhd" 2007/11/12.15:43:32 K.31
