V3 151
FL "C:/Proyecto Cyclos_Cuba/FPGA/Cyclops_Cuba/FPGA/IO4/ADC+/ISE/rawfifo255x14.vhd" 2008/07/31.13:32:40 K.31
FL "C:/Proyecto Cyclos_Cuba/FPGA/Cyclops_Cuba/FPGA/IO4/ADC+/Src/led.vhd" 2007/11/12.16:43:32 K.31
FL "C:/Proyecto Cyclos_Cuba/FPGA/Cyclops_Cuba/FPGA/IO4/ADC+/Src/USER_AP_ADC.vhd" 2009/05/19.14:38:52 K.31
FL "C:/Proyecto Cyclos_Cuba/FPGA/Cyclops_Cuba/FPGA/IO4/common/HE_ADC.vhd" 2007/11/12.16:43:32 K.31
FL "C:/Proyecto Cyclos_Cuba/FPGA/Cyclops_Cuba/FPGA/IO4/common/HE_DAC.vhd" 2007/11/12.16:43:32 K.31
FL "C:/Proyecto Cyclos_Cuba/FPGA/Cyclops_Cuba/FPGA/IO4/common/HE_RWCLK.vhd" 2007/11/12.16:43:32 K.31
FL "C:/Proyecto Cyclos_Cuba/FPGA/Cyclops_Cuba/FPGA/IO4/common/HE_SCLK.vhd" 2007/11/12.16:43:32 K.31
FL "C:/Proyecto Cyclos_Cuba/FPGA/Cyclops_Cuba/FPGA/IO4/common/HE_USER.vhd" 2007/11/12.16:43:32 K.31
FL "C:/Proyecto Cyclos_Cuba/FPGA/Cyclops_Cuba/FPGA/IO4/Common/HE_WR_6F.vhd" 2007/11/12.16:43:32 K.31
FL "C:/Proyecto Cyclos_Cuba/FPGA/Cyclops_Cuba/FPGA/IO4/common/TOP.vhd" 2007/11/12.16:43:32 K.31
FL "C:/Proyecto Cyclos_Cuba/FPGA/Cyclops_Cuba/FPGA/IO4/common/V2ES_RWC.vhd" 2007/11/12.16:43:32 K.31
FL "C:/Proyecto Cyclos_Cuba/FPGA/Cyclops_Cuba/FPGA/IO4/Common/V2_RD_6F.vhd" 2007/11/12.16:43:32 K.31
FL "C:/Proyecto Cyclos_Cuba/FPGA/New_Cyclop/IO4/ADC+/ISE/rawfifo255x14.vhd" 2008/07/31.12:32:40 K.31
FL "C:/Proyecto Cyclos_Cuba/FPGA/New_Cyclop/IO4/ADC+/Src/led.vhd" 2007/11/12.15:43:32 K.31
FL "C:/Proyecto Cyclos_Cuba/FPGA/New_Cyclop/IO4/ADC+/Src/USER_AP_ADC.vhd" 2010/01/19.08:55:15 K.31
FL "C:/Proyecto Cyclos_Cuba/FPGA/New_Cyclop/IO4/common/HE_ADC.vhd" 2007/11/12.15:43:32 K.31
FL "C:/Proyecto Cyclos_Cuba/FPGA/New_Cyclop/IO4/common/HE_DAC.vhd" 2007/11/12.15:43:32 K.31
FL "C:/Proyecto Cyclos_Cuba/FPGA/New_Cyclop/IO4/common/HE_RWCLK.vhd" 2007/11/12.15:43:32 K.31
FL "C:/Proyecto Cyclos_Cuba/FPGA/New_Cyclop/IO4/common/HE_SCLK.vhd" 2007/11/12.15:43:32 K.31
FL "C:/Proyecto Cyclos_Cuba/FPGA/New_Cyclop/IO4/common/HE_USER.vhd" 2007/11/12.15:43:32 K.31
FL "C:/Proyecto Cyclos_Cuba/FPGA/New_Cyclop/IO4/Common/HE_WR_6F.vhd" 2007/11/12.15:43:32 K.31
FL "C:/Proyecto Cyclos_Cuba/FPGA/New_Cyclop/IO4/common/TOP.vhd" 2007/11/12.15:43:32 K.31
FL "C:/Proyecto Cyclos_Cuba/FPGA/New_Cyclop/IO4/common/V2ES_RWC.vhd" 2007/11/12.15:43:32 K.31
FL "C:/Proyecto Cyclos_Cuba/FPGA/New_Cyclop/IO4/Common/V2_RD_6F.vhd" 2007/11/12.15:43:32 K.31
FL C:/Robert/Programacion/FPGA/Copy_Met_Office/FPGA/IO4/ADC+/Src/led.vhd 2007/11/12.16:43:32 K.31
FL C:/Robert/Programacion/FPGA/Copy_Met_Office/FPGA/IO4/ADC+/Src/USER_AP_ADC.vhd 2008/07/02.05:27:11 K.31
FL C:/Robert/Programacion/FPGA/Copy_Met_Office/FPGA/IO4/common/HE_ADC.vhd 2007/11/12.16:43:32 K.31
FL C:/Robert/Programacion/FPGA/Copy_Met_Office/FPGA/IO4/common/HE_DAC.vhd 2007/11/12.16:43:32 K.31
FL C:/Robert/Programacion/FPGA/Copy_Met_Office/FPGA/IO4/common/HE_RWCLK.vhd 2007/11/12.16:43:32 K.31
FL C:/Robert/Programacion/FPGA/Copy_Met_Office/FPGA/IO4/common/HE_SCLK.vhd 2007/11/12.16:43:32 K.31
FL C:/Robert/Programacion/FPGA/Copy_Met_Office/FPGA/IO4/common/HE_USER.vhd 2007/11/12.16:43:32 K.31
FL C:/Robert/Programacion/FPGA/Copy_Met_Office/FPGA/IO4/Common/HE_WR_6F.vhd 2007/11/12.16:43:32 K.31
FL C:/Robert/Programacion/FPGA/Copy_Met_Office/FPGA/IO4/common/TOP.vhd 2007/11/12.16:43:32 K.31
FL C:/Robert/Programacion/FPGA/Copy_Met_Office/FPGA/IO4/common/V2ES_RWC.vhd 2007/11/12.16:43:32 K.31
FL C:/Robert/Programacion/FPGA/Copy_Met_Office/FPGA/IO4/Common/V2_RD_6F.vhd 2007/11/12.16:43:32 K.31
FL "C:/Robert/Proyecto Radar Doppler/Proyecto Cyclos_Cuba/FPGA/New_Cyclop/IO4/ADC+/ISE/rawfifo255x14.vhd" 2008/07/31.12:32:40 K.31
FL "C:/Robert/Proyecto Radar Doppler/Proyecto Cyclos_Cuba/FPGA/New_Cyclop/IO4/ADC+/Src/led.vhd" 2007/11/12.15:43:32 K.31
FL "C:/Robert/Proyecto Radar Doppler/Proyecto Cyclos_Cuba/FPGA/New_Cyclop/IO4/ADC+/Src/USER_AP_ADC.vhd" 2010/01/19.08:55:15 K.31
FL "C:/Robert/Proyecto Radar Doppler/Proyecto Cyclos_Cuba/FPGA/New_Cyclop/IO4/common/HE_ADC.vhd" 2007/11/12.15:43:32 K.31
FL "C:/Robert/Proyecto Radar Doppler/Proyecto Cyclos_Cuba/FPGA/New_Cyclop/IO4/common/HE_DAC.vhd" 2007/11/12.15:43:32 K.31
FL "C:/Robert/Proyecto Radar Doppler/Proyecto Cyclos_Cuba/FPGA/New_Cyclop/IO4/common/HE_RWCLK.vhd" 2007/11/12.15:43:32 K.31
FL "C:/Robert/Proyecto Radar Doppler/Proyecto Cyclos_Cuba/FPGA/New_Cyclop/IO4/common/HE_SCLK.vhd" 2007/11/12.15:43:32 K.31
FL "C:/Robert/Proyecto Radar Doppler/Proyecto Cyclos_Cuba/FPGA/New_Cyclop/IO4/common/HE_USER.vhd" 2007/11/12.15:43:32 K.31
FL "C:/Robert/Proyecto Radar Doppler/Proyecto Cyclos_Cuba/FPGA/New_Cyclop/IO4/Common/HE_WR_6F.vhd" 2007/11/12.15:43:32 K.31
FL "C:/Robert/Proyecto Radar Doppler/Proyecto Cyclos_Cuba/FPGA/New_Cyclop/IO4/common/TOP.vhd" 2007/11/12.15:43:32 K.31
FL "C:/Robert/Proyecto Radar Doppler/Proyecto Cyclos_Cuba/FPGA/New_Cyclop/IO4/common/V2ES_RWC.vhd" 2007/11/12.15:43:32 K.31
FL "C:/Robert/Proyecto Radar Doppler/Proyecto Cyclos_Cuba/FPGA/New_Cyclop/IO4/Common/V2_RD_6F.vhd" 2007/11/12.15:43:32 K.31
FL "C:/Robert_Work/Proyecto Radar Doppler/Proyecto Radar CSB/Doppler/Todo en IO4/IO4/ADC+/ISE/lpfilter.vhd" 2009/05/08.10:20:04 K.31
EN work/lpfilter 1583453589 \
      FL "C:/Robert_Work/Proyecto Radar Doppler/Proyecto Radar CSB/Doppler/Todo en IO4/IO4/ADC+/ISE/lpfilter.vhd" \
      PB ieee/std_logic_1164 1200023565
AR work/lpfilter/lpfilter_a 1583453590 \
      FL "C:/Robert_Work/Proyecto Radar Doppler/Proyecto Radar CSB/Doppler/Todo en IO4/IO4/ADC+/ISE/lpfilter.vhd" \
      EN work/lpfilter 1583453589
FL "C:/Robert_Work/Proyecto Radar Doppler/Proyecto Radar CSB/Doppler/Todo en IO4/IO4/ADC+/ISE/outputfifo.vhd" 2009/05/08.10:15:52 K.31
EN work/outputfifo 1583453591 \
      FL "C:/Robert_Work/Proyecto Radar Doppler/Proyecto Radar CSB/Doppler/Todo en IO4/IO4/ADC+/ISE/outputfifo.vhd" \
      PB ieee/std_logic_1164 1200023565
AR work/outputfifo/outputfifo_a 1583453592 \
      FL "C:/Robert_Work/Proyecto Radar Doppler/Proyecto Radar CSB/Doppler/Todo en IO4/IO4/ADC+/ISE/outputfifo.vhd" \
      EN work/outputfifo 1583453591
FL "C:/Robert_Work/Proyecto Radar Doppler/Proyecto Radar CSB/Doppler/Todo en IO4/IO4/ADC+/ISE/rawfifo511x14.vhd" 2012/04/23.10:31:12 K.31
EN work/rawFIFO511x14 1583453587 \
      FL "C:/Robert_Work/Proyecto Radar Doppler/Proyecto Radar CSB/Doppler/Todo en IO4/IO4/ADC+/ISE/rawfifo511x14.vhd" \
      PB ieee/std_logic_1164 1200023565
AR work/rawFIFO511x14/rawFIFO511x14_a 1583453588 \
      FL "C:/Robert_Work/Proyecto Radar Doppler/Proyecto Radar CSB/Doppler/Todo en IO4/IO4/ADC+/ISE/rawfifo511x14.vhd" \
      EN work/rawFIFO511x14 1583453587
FL "C:/Robert_Work/Proyecto Radar Doppler/Proyecto Radar CSB/Doppler/Todo en IO4/IO4/ADC+/ISE/times360.vhd" 2012/03/17.20:13:44 K.31
EN work/times360 1583453593 \
      FL "C:/Robert_Work/Proyecto Radar Doppler/Proyecto Radar CSB/Doppler/Todo en IO4/IO4/ADC+/ISE/times360.vhd" \
      PB ieee/std_logic_1164 1200023565
AR work/times360/times360_a 1583453594 \
      FL "C:/Robert_Work/Proyecto Radar Doppler/Proyecto Radar CSB/Doppler/Todo en IO4/IO4/ADC+/ISE/times360.vhd" \
      EN work/times360 1583453593
FL "C:/Robert_Work/Proyecto Radar Doppler/Proyecto Radar CSB/Doppler/Todo en IO4/IO4/ADC+/Src/USER_AP_ADC.vhd" 2020/03/05.19:13:03 K.31
PH work/CONFIG 1583453617 \
      FL "C:/Robert_Work/Proyecto Radar Doppler/Proyecto Radar CSB/Doppler/Todo en IO4/IO4/ADC+/Src/USER_AP_ADC.vhd"
EN work/USER_AP 1583453618 \
      FL "C:/Robert_Work/Proyecto Radar Doppler/Proyecto Radar CSB/Doppler/Todo en IO4/IO4/ADC+/Src/USER_AP_ADC.vhd" \
      PB ieee/std_logic_1164 1200023565 PH ieee/NUMERIC_STD 1200023568 \
      PH work/CONFIG 1583453617
AR work/USER_AP/ADC 1583453619 \
      FL "C:/Robert_Work/Proyecto Radar Doppler/Proyecto Radar CSB/Doppler/Todo en IO4/IO4/ADC+/Src/USER_AP_ADC.vhd" \
      EN work/USER_AP 1583453618 CP myddc CP iq_out_fifo CP rawFIFO511x14 \
      CP lpfilter CP outputfifo CP times360
FL "C:/Robert_Work/Proyecto Radar Doppler/Proyecto Radar CSB/Doppler/Todo en IO4/IO4/common/HE_ADC.vhd" 2007/11/12.15:43:32 K.31
EN work/HE_ADC 1583453613 \
      FL "C:/Robert_Work/Proyecto Radar Doppler/Proyecto Radar CSB/Doppler/Todo en IO4/IO4/common/HE_ADC.vhd" \
      PB ieee/std_logic_1164 1200023565
AR work/HE_ADC/RTL 1583453614 \
      FL "C:/Robert_Work/Proyecto Radar Doppler/Proyecto Radar CSB/Doppler/Todo en IO4/IO4/common/HE_ADC.vhd" \
      EN work/HE_ADC 1583453613 CP FDC
FL "C:/Robert_Work/Proyecto Radar Doppler/Proyecto Radar CSB/Doppler/Todo en IO4/IO4/common/HE_DAC.vhd" 2007/11/12.15:43:32 K.31
EN work/HE_DAC 1583453615 \
      FL "C:/Robert_Work/Proyecto Radar Doppler/Proyecto Radar CSB/Doppler/Todo en IO4/IO4/common/HE_DAC.vhd" \
      PB ieee/std_logic_1164 1200023565
AR work/HE_DAC/RTL 1583453616 \
      FL "C:/Robert_Work/Proyecto Radar Doppler/Proyecto Radar CSB/Doppler/Todo en IO4/IO4/common/HE_DAC.vhd" \
      EN work/HE_DAC 1583453615 CP FD
FL "C:/Robert_Work/Proyecto Radar Doppler/Proyecto Radar CSB/Doppler/Todo en IO4/IO4/common/HE_RWCLK.vhd" 2007/11/12.15:43:32 K.31
EN work/HE_RWCLK 1583453595 \
      FL "C:/Robert_Work/Proyecto Radar Doppler/Proyecto Radar CSB/Doppler/Todo en IO4/IO4/common/HE_RWCLK.vhd" \
      PB ieee/std_logic_1164 1200023565
AR work/HE_RWCLK/RTL 1583453596 \
      FL "C:/Robert_Work/Proyecto Radar Doppler/Proyecto Radar CSB/Doppler/Todo en IO4/IO4/common/HE_RWCLK.vhd" \
      EN work/HE_RWCLK 1583453595 CP FDP CP CLKDLLHF CP CLKDLL CP BUFG
FL "C:/Robert_Work/Proyecto Radar Doppler/Proyecto Radar CSB/Doppler/Todo en IO4/IO4/common/HE_SCLK.vhd" 2007/11/12.15:43:32 K.31
EN work/HE_SCLK 1583453611 \
      FL "C:/Robert_Work/Proyecto Radar Doppler/Proyecto Radar CSB/Doppler/Todo en IO4/IO4/common/HE_SCLK.vhd" \
      PB ieee/std_logic_1164 1200023565
AR work/HE_SCLK/RTL 1583453612 \
      FL "C:/Robert_Work/Proyecto Radar Doppler/Proyecto Radar CSB/Doppler/Todo en IO4/IO4/common/HE_SCLK.vhd" \
      EN work/HE_SCLK 1583453611 CP BUFG
FL "C:/Robert_Work/Proyecto Radar Doppler/Proyecto Radar CSB/Doppler/Todo en IO4/IO4/common/HE_USER.vhd" 2007/11/12.15:43:32 K.31
EN work/HE_USER 1583453609 \
      FL "C:/Robert_Work/Proyecto Radar Doppler/Proyecto Radar CSB/Doppler/Todo en IO4/IO4/common/HE_USER.vhd" \
      PB ieee/std_logic_1164 1200023565 PB ieee/std_logic_arith 1200023566 \
      PB ieee/STD_LOGIC_UNSIGNED 1200023567
AR work/HE_USER/RTL 1583453610 \
      FL "C:/Robert_Work/Proyecto Radar Doppler/Proyecto Radar CSB/Doppler/Todo en IO4/IO4/common/HE_USER.vhd" \
      EN work/HE_USER 1583453609 CP FD
FL "C:/Robert_Work/Proyecto Radar Doppler/Proyecto Radar CSB/Doppler/Todo en IO4/IO4/Common/HE_WR_6F.vhd" 2007/11/12.15:43:32 K.31
EN work/HE_WR_6F 1583453607 \
      FL "C:/Robert_Work/Proyecto Radar Doppler/Proyecto Radar CSB/Doppler/Todo en IO4/IO4/Common/HE_WR_6F.vhd" \
      PB ieee/std_logic_1164 1200023565
AR work/HE_WR_6F/RTL 1583453608 \
      FL "C:/Robert_Work/Proyecto Radar Doppler/Proyecto Radar CSB/Doppler/Todo en IO4/IO4/Common/HE_WR_6F.vhd" \
      EN work/HE_WR_6F 1583453607 CP FD CP FDC
FL "C:/Robert_Work/Proyecto Radar Doppler/Proyecto Radar CSB/Doppler/Todo en IO4/IO4/common/TOP.vhd" 2007/11/12.15:43:32 K.31
EN work/TOP 1583453620 \
      FL "C:/Robert_Work/Proyecto Radar Doppler/Proyecto Radar CSB/Doppler/Todo en IO4/IO4/common/TOP.vhd" \
      PB ieee/std_logic_1164 1200023565 PH work/CONFIG 1583453617
AR work/TOP/RTL 1583453621 \
      FL "C:/Robert_Work/Proyecto Radar Doppler/Proyecto Radar CSB/Doppler/Todo en IO4/IO4/common/TOP.vhd" \
      EN work/TOP 1583453620 CP iobuf CP IBUF CP IBUFG CP OBUF_F_24 CP HE_RWCLK \
      CP ES_RD_LF CP ES_RD_HF CP ES_WR_LF CP ES_WR_HF CP HE_RD_6F CP OBUF_F_8 \
      CP HE_WR_6F CP HE_USER CP OBUFTDS CP HE_SCLK CP HE_ADC CP HE_DAC CP OBUF_F_12 \
      CP USER_AP
FL "C:/Robert_Work/Proyecto Radar Doppler/Proyecto Radar CSB/Doppler/Todo en IO4/IO4/common/V2ES_RWC.vhd" 2007/11/12.15:43:32 K.31
EN work/ES_RD_LF 1583453597 \
      FL "C:/Robert_Work/Proyecto Radar Doppler/Proyecto Radar CSB/Doppler/Todo en IO4/IO4/common/V2ES_RWC.vhd" \
      PB ieee/std_logic_1164 1200023565
AR work/ES_RD_LF/RTL 1583453598 \
      FL "C:/Robert_Work/Proyecto Radar Doppler/Proyecto Radar CSB/Doppler/Todo en IO4/IO4/common/V2ES_RWC.vhd" \
      EN work/ES_RD_LF 1583453597 CP CLKDLL CP BUFG
EN work/ES_RD_HF 1583453599 \
      FL "C:/Robert_Work/Proyecto Radar Doppler/Proyecto Radar CSB/Doppler/Todo en IO4/IO4/common/V2ES_RWC.vhd" \
      PB ieee/std_logic_1164 1200023565
AR work/ES_RD_HF/RTL 1583453600 \
      FL "C:/Robert_Work/Proyecto Radar Doppler/Proyecto Radar CSB/Doppler/Todo en IO4/IO4/common/V2ES_RWC.vhd" \
      EN work/ES_RD_HF 1583453599 CP CLKDLLHF CP BUFG
EN work/ES_WR_LF 1583453601 \
      FL "C:/Robert_Work/Proyecto Radar Doppler/Proyecto Radar CSB/Doppler/Todo en IO4/IO4/common/V2ES_RWC.vhd" \
      PB ieee/std_logic_1164 1200023565
AR work/ES_WR_LF/RTL 1583453602 \
      FL "C:/Robert_Work/Proyecto Radar Doppler/Proyecto Radar CSB/Doppler/Todo en IO4/IO4/common/V2ES_RWC.vhd" \
      EN work/ES_WR_LF 1583453601 CP CLKDLL CP BUFG
EN work/ES_WR_HF 1583453603 \
      FL "C:/Robert_Work/Proyecto Radar Doppler/Proyecto Radar CSB/Doppler/Todo en IO4/IO4/common/V2ES_RWC.vhd" \
      PB ieee/std_logic_1164 1200023565
AR work/ES_WR_HF/RTL 1583453604 \
      FL "C:/Robert_Work/Proyecto Radar Doppler/Proyecto Radar CSB/Doppler/Todo en IO4/IO4/common/V2ES_RWC.vhd" \
      EN work/ES_WR_HF 1583453603 CP CLKDLLHF CP BUFG
FL "C:/Robert_Work/Proyecto Radar Doppler/Proyecto Radar CSB/Doppler/Todo en IO4/IO4/Common/V2_RD_6F.vhd" 2007/11/12.15:43:32 K.31
EN work/HE_RD_6F 1583453605 \
      FL "C:/Robert_Work/Proyecto Radar Doppler/Proyecto Radar CSB/Doppler/Todo en IO4/IO4/Common/V2_RD_6F.vhd" \
      PB ieee/std_logic_1164 1200023565
AR work/HE_RD_6F/RTL 1583453606 \
      FL "C:/Robert_Work/Proyecto Radar Doppler/Proyecto Radar CSB/Doppler/Todo en IO4/IO4/Common/V2_RD_6F.vhd" \
      EN work/HE_RD_6F 1583453605 CP FD CP FDCE CP FDC CP lut4 CP lut3 CP lut2 \
      CP lut4_l CP MUXCY_L CP FDPE
FL "D:/Robert/Proyecto Radar Doppler/Proyecto Cyclos_Cuba/FPGA/New_Cyclop/S Band/IO4/ADC+/ISE/rawfifo255x14.vhd" 2008/07/31.13:32:40 K.31
EN work/rawfifo255x14 1334941619 \
      FL "D:/Robert/Proyecto Radar Doppler/Proyecto Cyclos_Cuba/FPGA/New_Cyclop/S Band/IO4/ADC+/ISE/rawfifo255x14.vhd" \
      PB ieee/std_logic_1164 1200023565
AR work/rawfifo255x14/rawfifo255x14_a 1334941620 \
      FL "D:/Robert/Proyecto Radar Doppler/Proyecto Cyclos_Cuba/FPGA/New_Cyclop/S Band/IO4/ADC+/ISE/rawfifo255x14.vhd" \
      EN work/rawfifo255x14 1334941619
FL "D:/Robert/Proyecto Radar Doppler/Proyecto Cyclos_Cuba/FPGA/New_Cyclop/S Band/IO4/ADC+/ISE/rawfifo511x14.vhd" 2012/04/23.11:31:12 K.31
FL "D:/Robert/Proyecto Radar Doppler/Proyecto Cyclos_Cuba/FPGA/New_Cyclop/S Band/IO4/ADC+/Src/led.vhd" 2007/11/12.16:43:32 K.31
EN work/LED_CNTR 1412693099 \
      FL "D:/Robert/Proyecto Radar Doppler/Proyecto Cyclos_Cuba/FPGA/New_Cyclop/S Band/IO4/ADC+/Src/led.vhd" \
      PB ieee/std_logic_1164 1200023565 PH ieee/NUMERIC_STD 1200023568
AR work/LED_CNTR/RTL 1412693100 \
      FL "D:/Robert/Proyecto Radar Doppler/Proyecto Cyclos_Cuba/FPGA/New_Cyclop/S Band/IO4/ADC+/Src/led.vhd" \
      EN work/LED_CNTR 1412693099
FL "D:/Robert/Proyecto Radar Doppler/Proyecto Cyclos_Cuba/FPGA/New_Cyclop/S Band/IO4/ADC+/Src/USER_AP_ADC.vhd" 2014/10/07.10:40:16 K.31
FL "D:/Robert/Proyecto Radar Doppler/Proyecto Cyclos_Cuba/FPGA/New_Cyclop/S Band/IO4/common/HE_ADC.vhd" 2007/11/12.16:43:32 K.31
FL "D:/Robert/Proyecto Radar Doppler/Proyecto Cyclos_Cuba/FPGA/New_Cyclop/S Band/IO4/common/HE_DAC.vhd" 2007/11/12.16:43:32 K.31
FL "D:/Robert/Proyecto Radar Doppler/Proyecto Cyclos_Cuba/FPGA/New_Cyclop/S Band/IO4/common/HE_RWCLK.vhd" 2007/11/12.16:43:32 K.31
FL "D:/Robert/Proyecto Radar Doppler/Proyecto Cyclos_Cuba/FPGA/New_Cyclop/S Band/IO4/common/HE_SCLK.vhd" 2007/11/12.16:43:32 K.31
FL "D:/Robert/Proyecto Radar Doppler/Proyecto Cyclos_Cuba/FPGA/New_Cyclop/S Band/IO4/common/HE_USER.vhd" 2007/11/12.16:43:32 K.31
FL "D:/Robert/Proyecto Radar Doppler/Proyecto Cyclos_Cuba/FPGA/New_Cyclop/S Band/IO4/Common/HE_WR_6F.vhd" 2007/11/12.16:43:32 K.31
FL "D:/Robert/Proyecto Radar Doppler/Proyecto Cyclos_Cuba/FPGA/New_Cyclop/S Band/IO4/common/TOP.vhd" 2007/11/12.16:43:32 K.31
FL "D:/Robert/Proyecto Radar Doppler/Proyecto Cyclos_Cuba/FPGA/New_Cyclop/S Band/IO4/common/V2ES_RWC.vhd" 2007/11/12.16:43:32 K.31
FL "D:/Robert/Proyecto Radar Doppler/Proyecto Cyclos_Cuba/FPGA/New_Cyclop/S Band/IO4/Common/V2_RD_6F.vhd" 2007/11/12.16:43:32 K.31
