V3 163
FL "C:/Proyecto Cyclos_Cuba/FPGA/Cyclops_Cuba/FPGA/IO4/ADC+/ISE/rawfifo255x14.vhd" 2008/07/31.13:32:40 K.31
FL "C:/Proyecto Cyclos_Cuba/FPGA/Cyclops_Cuba/FPGA/IO4/ADC+/Src/led.vhd" 2007/11/12.16:43:32 K.31
FL "C:/Proyecto Cyclos_Cuba/FPGA/Cyclops_Cuba/FPGA/IO4/ADC+/Src/USER_AP_ADC.vhd" 2009/05/19.14:38:52 K.31
FL "C:/Proyecto Cyclos_Cuba/FPGA/Cyclops_Cuba/FPGA/IO4/common/HE_ADC.vhd" 2007/11/12.16:43:32 K.31
FL "C:/Proyecto Cyclos_Cuba/FPGA/Cyclops_Cuba/FPGA/IO4/common/HE_DAC.vhd" 2007/11/12.16:43:32 K.31
FL "C:/Proyecto Cyclos_Cuba/FPGA/Cyclops_Cuba/FPGA/IO4/common/HE_RWCLK.vhd" 2007/11/12.16:43:32 K.31
FL "C:/Proyecto Cyclos_Cuba/FPGA/Cyclops_Cuba/FPGA/IO4/common/HE_SCLK.vhd" 2007/11/12.16:43:32 K.31
FL "C:/Proyecto Cyclos_Cuba/FPGA/Cyclops_Cuba/FPGA/IO4/common/HE_USER.vhd" 2007/11/12.16:43:32 K.31
FL "C:/Proyecto Cyclos_Cuba/FPGA/Cyclops_Cuba/FPGA/IO4/Common/HE_WR_6F.vhd" 2007/11/12.16:43:32 K.31
FL "C:/Proyecto Cyclos_Cuba/FPGA/Cyclops_Cuba/FPGA/IO4/common/TOP.vhd" 2007/11/12.16:43:32 K.31
FL "C:/Proyecto Cyclos_Cuba/FPGA/Cyclops_Cuba/FPGA/IO4/common/V2ES_RWC.vhd" 2007/11/12.16:43:32 K.31
FL "C:/Proyecto Cyclos_Cuba/FPGA/Cyclops_Cuba/FPGA/IO4/Common/V2_RD_6F.vhd" 2007/11/12.16:43:32 K.31
FL "C:/Proyecto Cyclos_Cuba/FPGA/New_Cyclop/IO4/ADC+/ISE/rawfifo255x14.vhd" 2008/07/31.12:32:40 K.31
FL "C:/Proyecto Cyclos_Cuba/FPGA/New_Cyclop/IO4/ADC+/Src/led.vhd" 2007/11/12.15:43:32 K.31
FL "C:/Proyecto Cyclos_Cuba/FPGA/New_Cyclop/IO4/ADC+/Src/USER_AP_ADC.vhd" 2010/01/19.08:55:15 K.31
FL "C:/Proyecto Cyclos_Cuba/FPGA/New_Cyclop/IO4/common/HE_ADC.vhd" 2007/11/12.15:43:32 K.31
FL "C:/Proyecto Cyclos_Cuba/FPGA/New_Cyclop/IO4/common/HE_DAC.vhd" 2007/11/12.15:43:32 K.31
FL "C:/Proyecto Cyclos_Cuba/FPGA/New_Cyclop/IO4/common/HE_RWCLK.vhd" 2007/11/12.15:43:32 K.31
FL "C:/Proyecto Cyclos_Cuba/FPGA/New_Cyclop/IO4/common/HE_SCLK.vhd" 2007/11/12.15:43:32 K.31
FL "C:/Proyecto Cyclos_Cuba/FPGA/New_Cyclop/IO4/common/HE_USER.vhd" 2007/11/12.15:43:32 K.31
FL "C:/Proyecto Cyclos_Cuba/FPGA/New_Cyclop/IO4/Common/HE_WR_6F.vhd" 2007/11/12.15:43:32 K.31
FL "C:/Proyecto Cyclos_Cuba/FPGA/New_Cyclop/IO4/common/TOP.vhd" 2007/11/12.15:43:32 K.31
FL "C:/Proyecto Cyclos_Cuba/FPGA/New_Cyclop/IO4/common/V2ES_RWC.vhd" 2007/11/12.15:43:32 K.31
FL "C:/Proyecto Cyclos_Cuba/FPGA/New_Cyclop/IO4/Common/V2_RD_6F.vhd" 2007/11/12.15:43:32 K.31
FL C:/Robert/Programacion/FPGA/Copy_Met_Office/FPGA/IO4/ADC+/Src/led.vhd 2007/11/12.16:43:32 K.31
FL C:/Robert/Programacion/FPGA/Copy_Met_Office/FPGA/IO4/ADC+/Src/USER_AP_ADC.vhd 2008/07/02.05:27:11 K.31
FL C:/Robert/Programacion/FPGA/Copy_Met_Office/FPGA/IO4/common/HE_ADC.vhd 2007/11/12.16:43:32 K.31
FL C:/Robert/Programacion/FPGA/Copy_Met_Office/FPGA/IO4/common/HE_DAC.vhd 2007/11/12.16:43:32 K.31
FL C:/Robert/Programacion/FPGA/Copy_Met_Office/FPGA/IO4/common/HE_RWCLK.vhd 2007/11/12.16:43:32 K.31
FL C:/Robert/Programacion/FPGA/Copy_Met_Office/FPGA/IO4/common/HE_SCLK.vhd 2007/11/12.16:43:32 K.31
FL C:/Robert/Programacion/FPGA/Copy_Met_Office/FPGA/IO4/common/HE_USER.vhd 2007/11/12.16:43:32 K.31
FL C:/Robert/Programacion/FPGA/Copy_Met_Office/FPGA/IO4/Common/HE_WR_6F.vhd 2007/11/12.16:43:32 K.31
FL C:/Robert/Programacion/FPGA/Copy_Met_Office/FPGA/IO4/common/TOP.vhd 2007/11/12.16:43:32 K.31
FL C:/Robert/Programacion/FPGA/Copy_Met_Office/FPGA/IO4/common/V2ES_RWC.vhd 2007/11/12.16:43:32 K.31
FL C:/Robert/Programacion/FPGA/Copy_Met_Office/FPGA/IO4/Common/V2_RD_6F.vhd 2007/11/12.16:43:32 K.31
FL "C:/Robert/Proyecto Radar Doppler/Proyecto Cyclos_Cuba/FPGA/New_Cyclop/IO4/ADC+/ISE/rawfifo255x14.vhd" 2008/07/31.12:32:40 K.31
FL "C:/Robert/Proyecto Radar Doppler/Proyecto Cyclos_Cuba/FPGA/New_Cyclop/IO4/ADC+/Src/led.vhd" 2007/11/12.15:43:32 K.31
FL "C:/Robert/Proyecto Radar Doppler/Proyecto Cyclos_Cuba/FPGA/New_Cyclop/IO4/ADC+/Src/USER_AP_ADC.vhd" 2010/01/19.08:55:15 K.31
FL "C:/Robert/Proyecto Radar Doppler/Proyecto Cyclos_Cuba/FPGA/New_Cyclop/IO4/common/HE_ADC.vhd" 2007/11/12.15:43:32 K.31
FL "C:/Robert/Proyecto Radar Doppler/Proyecto Cyclos_Cuba/FPGA/New_Cyclop/IO4/common/HE_DAC.vhd" 2007/11/12.15:43:32 K.31
FL "C:/Robert/Proyecto Radar Doppler/Proyecto Cyclos_Cuba/FPGA/New_Cyclop/IO4/common/HE_RWCLK.vhd" 2007/11/12.15:43:32 K.31
FL "C:/Robert/Proyecto Radar Doppler/Proyecto Cyclos_Cuba/FPGA/New_Cyclop/IO4/common/HE_SCLK.vhd" 2007/11/12.15:43:32 K.31
FL "C:/Robert/Proyecto Radar Doppler/Proyecto Cyclos_Cuba/FPGA/New_Cyclop/IO4/common/HE_USER.vhd" 2007/11/12.15:43:32 K.31
FL "C:/Robert/Proyecto Radar Doppler/Proyecto Cyclos_Cuba/FPGA/New_Cyclop/IO4/Common/HE_WR_6F.vhd" 2007/11/12.15:43:32 K.31
FL "C:/Robert/Proyecto Radar Doppler/Proyecto Cyclos_Cuba/FPGA/New_Cyclop/IO4/common/TOP.vhd" 2007/11/12.15:43:32 K.31
FL "C:/Robert/Proyecto Radar Doppler/Proyecto Cyclos_Cuba/FPGA/New_Cyclop/IO4/common/V2ES_RWC.vhd" 2007/11/12.15:43:32 K.31
FL "C:/Robert/Proyecto Radar Doppler/Proyecto Cyclos_Cuba/FPGA/New_Cyclop/IO4/Common/V2_RD_6F.vhd" 2007/11/12.15:43:32 K.31
FL "C:/Robert_Work/Proyecto Radar Doppler/Proyecto Radar CSB/Doppler/S Band/IO4/ADC+/ISE/DDS_10.vhd" 2020/02/28.14:02:43 K.31
EN work/DDS_10 1583610417 \
      FL "C:/Robert_Work/Proyecto Radar Doppler/Proyecto Radar CSB/Doppler/S Band/IO4/ADC+/ISE/DDS_10.vhd" \
      PB ieee/std_logic_1164 1200023565
AR work/DDS_10/DDS_10_a 1583610418 \
      FL "C:/Robert_Work/Proyecto Radar Doppler/Proyecto Radar CSB/Doppler/S Band/IO4/ADC+/ISE/DDS_10.vhd" \
      EN work/DDS_10 1583610417
FL "C:/Robert_Work/Proyecto Radar Doppler/Proyecto Radar CSB/Doppler/S Band/IO4/ADC+/ISE/rawfifo511x14.vhd" 2020/01/23.21:12:11 K.31
EN work/rawfifo511x14 1583610415 \
      FL "C:/Robert_Work/Proyecto Radar Doppler/Proyecto Radar CSB/Doppler/S Band/IO4/ADC+/ISE/rawfifo511x14.vhd" \
      PB ieee/std_logic_1164 1200023565
AR work/rawfifo511x14/rawfifo511x14_a 1583610416 \
      FL "C:/Robert_Work/Proyecto Radar Doppler/Proyecto Radar CSB/Doppler/S Band/IO4/ADC+/ISE/rawfifo511x14.vhd" \
      EN work/rawfifo511x14 1583610415
FL "C:/Robert_Work/Proyecto Radar Doppler/Proyecto Radar CSB/Doppler/S Band/IO4/ADC+/Src/led.vhd" 2007/11/12.15:43:32 K.31
EN work/LED_CNTR 1583610419 \
      FL "C:/Robert_Work/Proyecto Radar Doppler/Proyecto Radar CSB/Doppler/S Band/IO4/ADC+/Src/led.vhd" \
      PB ieee/std_logic_1164 1200023565 PH ieee/NUMERIC_STD 1200023568
AR work/LED_CNTR/RTL 1583610420 \
      FL "C:/Robert_Work/Proyecto Radar Doppler/Proyecto Radar CSB/Doppler/S Band/IO4/ADC+/Src/led.vhd" \
      EN work/LED_CNTR 1583610419
FL "C:/Robert_Work/Proyecto Radar Doppler/Proyecto Radar CSB/Doppler/S Band/IO4/ADC+/Src/USER_AP_ADC.vhd" 2020/03/07.14:46:48 K.31
PH work/CONFIG 1583610443 \
      FL "C:/Robert_Work/Proyecto Radar Doppler/Proyecto Radar CSB/Doppler/S Band/IO4/ADC+/Src/USER_AP_ADC.vhd"
EN work/USER_AP 1583610444 \
      FL "C:/Robert_Work/Proyecto Radar Doppler/Proyecto Radar CSB/Doppler/S Band/IO4/ADC+/Src/USER_AP_ADC.vhd" \
      LB UNISIM PB ieee/std_logic_1164 1200023565 PH ieee/NUMERIC_STD 1200023568 \
      PH work/CONFIG 1583610443 PB ieee/STD_LOGIC_UNSIGNED 1200023567 \
      PH unisim/VCOMPONENTS 1200023571
AR work/USER_AP/ADC 1583610445 \
      FL "C:/Robert_Work/Proyecto Radar Doppler/Proyecto Radar CSB/Doppler/S Band/IO4/ADC+/Src/USER_AP_ADC.vhd" \
      EN work/USER_AP 1583610444 CP myddc CP iq_out_fifo CP rawfifo511x14 CP DDS_10 \
      CP LED_CNTR CP FDC CP BUFG
FL "C:/Robert_Work/Proyecto Radar Doppler/Proyecto Radar CSB/Doppler/S Band/IO4/common/HE_ADC.vhd" 2007/11/12.15:43:32 K.31
EN work/HE_ADC 1583610439 \
      FL "C:/Robert_Work/Proyecto Radar Doppler/Proyecto Radar CSB/Doppler/S Band/IO4/common/HE_ADC.vhd" \
      PB ieee/std_logic_1164 1200023565
AR work/HE_ADC/RTL 1583610440 \
      FL "C:/Robert_Work/Proyecto Radar Doppler/Proyecto Radar CSB/Doppler/S Band/IO4/common/HE_ADC.vhd" \
      EN work/HE_ADC 1583610439 CP FDC
FL "C:/Robert_Work/Proyecto Radar Doppler/Proyecto Radar CSB/Doppler/S Band/IO4/common/HE_DAC.vhd" 2007/11/12.15:43:32 K.31
EN work/HE_DAC 1583610441 \
      FL "C:/Robert_Work/Proyecto Radar Doppler/Proyecto Radar CSB/Doppler/S Band/IO4/common/HE_DAC.vhd" \
      PB ieee/std_logic_1164 1200023565
AR work/HE_DAC/RTL 1583610442 \
      FL "C:/Robert_Work/Proyecto Radar Doppler/Proyecto Radar CSB/Doppler/S Band/IO4/common/HE_DAC.vhd" \
      EN work/HE_DAC 1583610441 CP FD
FL "C:/Robert_Work/Proyecto Radar Doppler/Proyecto Radar CSB/Doppler/S Band/IO4/common/HE_RWCLK.vhd" 2007/11/12.15:43:32 K.31
EN work/HE_RWCLK 1583610421 \
      FL "C:/Robert_Work/Proyecto Radar Doppler/Proyecto Radar CSB/Doppler/S Band/IO4/common/HE_RWCLK.vhd" \
      PB ieee/std_logic_1164 1200023565
AR work/HE_RWCLK/RTL 1583610422 \
      FL "C:/Robert_Work/Proyecto Radar Doppler/Proyecto Radar CSB/Doppler/S Band/IO4/common/HE_RWCLK.vhd" \
      EN work/HE_RWCLK 1583610421 CP FDP CP CLKDLLHF CP CLKDLL CP BUFG
FL "C:/Robert_Work/Proyecto Radar Doppler/Proyecto Radar CSB/Doppler/S Band/IO4/common/HE_SCLK.vhd" 2007/11/12.15:43:32 K.31
EN work/HE_SCLK 1583610437 \
      FL "C:/Robert_Work/Proyecto Radar Doppler/Proyecto Radar CSB/Doppler/S Band/IO4/common/HE_SCLK.vhd" \
      PB ieee/std_logic_1164 1200023565
AR work/HE_SCLK/RTL 1583610438 \
      FL "C:/Robert_Work/Proyecto Radar Doppler/Proyecto Radar CSB/Doppler/S Band/IO4/common/HE_SCLK.vhd" \
      EN work/HE_SCLK 1583610437 CP BUFG
FL "C:/Robert_Work/Proyecto Radar Doppler/Proyecto Radar CSB/Doppler/S Band/IO4/common/HE_USER.vhd" 2007/11/12.15:43:32 K.31
EN work/HE_USER 1583610435 \
      FL "C:/Robert_Work/Proyecto Radar Doppler/Proyecto Radar CSB/Doppler/S Band/IO4/common/HE_USER.vhd" \
      PB ieee/std_logic_1164 1200023565 PB ieee/std_logic_arith 1200023566 \
      PB ieee/STD_LOGIC_UNSIGNED 1200023567
AR work/HE_USER/RTL 1583610436 \
      FL "C:/Robert_Work/Proyecto Radar Doppler/Proyecto Radar CSB/Doppler/S Band/IO4/common/HE_USER.vhd" \
      EN work/HE_USER 1583610435 CP FD
FL "C:/Robert_Work/Proyecto Radar Doppler/Proyecto Radar CSB/Doppler/S Band/IO4/Common/HE_WR_6F.vhd" 2007/11/12.15:43:32 K.31
EN work/HE_WR_6F 1583610433 \
      FL "C:/Robert_Work/Proyecto Radar Doppler/Proyecto Radar CSB/Doppler/S Band/IO4/Common/HE_WR_6F.vhd" \
      PB ieee/std_logic_1164 1200023565
AR work/HE_WR_6F/RTL 1583610434 \
      FL "C:/Robert_Work/Proyecto Radar Doppler/Proyecto Radar CSB/Doppler/S Band/IO4/Common/HE_WR_6F.vhd" \
      EN work/HE_WR_6F 1583610433 CP FD CP FDC
FL "C:/Robert_Work/Proyecto Radar Doppler/Proyecto Radar CSB/Doppler/S Band/IO4/common/TOP.vhd" 2007/11/12.15:43:32 K.31
EN work/TOP 1583610446 \
      FL "C:/Robert_Work/Proyecto Radar Doppler/Proyecto Radar CSB/Doppler/S Band/IO4/common/TOP.vhd" \
      PB ieee/std_logic_1164 1200023565 PH work/CONFIG 1583610443
AR work/TOP/RTL 1583610447 \
      FL "C:/Robert_Work/Proyecto Radar Doppler/Proyecto Radar CSB/Doppler/S Band/IO4/common/TOP.vhd" \
      EN work/TOP 1583610446 CP iobuf CP IBUF CP IBUFG CP OBUF_F_24 CP HE_RWCLK \
      CP ES_RD_LF CP ES_RD_HF CP ES_WR_LF CP ES_WR_HF CP HE_RD_6F CP OBUF_F_8 \
      CP HE_WR_6F CP HE_USER CP OBUFTDS CP HE_SCLK CP HE_ADC CP HE_DAC CP OBUF_F_12 \
      CP USER_AP
FL "C:/Robert_Work/Proyecto Radar Doppler/Proyecto Radar CSB/Doppler/S Band/IO4/common/V2ES_RWC.vhd" 2007/11/12.15:43:32 K.31
EN work/ES_RD_LF 1583610423 \
      FL "C:/Robert_Work/Proyecto Radar Doppler/Proyecto Radar CSB/Doppler/S Band/IO4/common/V2ES_RWC.vhd" \
      PB ieee/std_logic_1164 1200023565
AR work/ES_RD_LF/RTL 1583610424 \
      FL "C:/Robert_Work/Proyecto Radar Doppler/Proyecto Radar CSB/Doppler/S Band/IO4/common/V2ES_RWC.vhd" \
      EN work/ES_RD_LF 1583610423 CP CLKDLL CP BUFG
EN work/ES_RD_HF 1583610425 \
      FL "C:/Robert_Work/Proyecto Radar Doppler/Proyecto Radar CSB/Doppler/S Band/IO4/common/V2ES_RWC.vhd" \
      PB ieee/std_logic_1164 1200023565
AR work/ES_RD_HF/RTL 1583610426 \
      FL "C:/Robert_Work/Proyecto Radar Doppler/Proyecto Radar CSB/Doppler/S Band/IO4/common/V2ES_RWC.vhd" \
      EN work/ES_RD_HF 1583610425 CP CLKDLLHF CP BUFG
EN work/ES_WR_LF 1583610427 \
      FL "C:/Robert_Work/Proyecto Radar Doppler/Proyecto Radar CSB/Doppler/S Band/IO4/common/V2ES_RWC.vhd" \
      PB ieee/std_logic_1164 1200023565
AR work/ES_WR_LF/RTL 1583610428 \
      FL "C:/Robert_Work/Proyecto Radar Doppler/Proyecto Radar CSB/Doppler/S Band/IO4/common/V2ES_RWC.vhd" \
      EN work/ES_WR_LF 1583610427 CP CLKDLL CP BUFG
EN work/ES_WR_HF 1583610429 \
      FL "C:/Robert_Work/Proyecto Radar Doppler/Proyecto Radar CSB/Doppler/S Band/IO4/common/V2ES_RWC.vhd" \
      PB ieee/std_logic_1164 1200023565
AR work/ES_WR_HF/RTL 1583610430 \
      FL "C:/Robert_Work/Proyecto Radar Doppler/Proyecto Radar CSB/Doppler/S Band/IO4/common/V2ES_RWC.vhd" \
      EN work/ES_WR_HF 1583610429 CP CLKDLLHF CP BUFG
FL "C:/Robert_Work/Proyecto Radar Doppler/Proyecto Radar CSB/Doppler/S Band/IO4/Common/V2_RD_6F.vhd" 2007/11/12.15:43:32 K.31
EN work/HE_RD_6F 1583610431 \
      FL "C:/Robert_Work/Proyecto Radar Doppler/Proyecto Radar CSB/Doppler/S Band/IO4/Common/V2_RD_6F.vhd" \
      PB ieee/std_logic_1164 1200023565
AR work/HE_RD_6F/RTL 1583610432 \
      FL "C:/Robert_Work/Proyecto Radar Doppler/Proyecto Radar CSB/Doppler/S Band/IO4/Common/V2_RD_6F.vhd" \
      EN work/HE_RD_6F 1583610431 CP FD CP FDCE CP FDC CP lut4 CP lut3 CP lut2 \
      CP lut4_l CP MUXCY_L CP FDPE
FL "D:/Proyecto Radar CSB/Doppler RDA/FPGA/Doppler/S Band/IO4/ADC+/ISE/DDS_10.vhd" 2020/02/28.11:02:43 K.31
FL "D:/Proyecto Radar CSB/Doppler RDA/FPGA/Doppler/S Band/IO4/ADC+/ISE/MyDCM.vhd" 2020/02/27.16:30:29 K.31
EN work/MyDCM 1582851879 \
      FL "D:/Proyecto Radar CSB/Doppler RDA/FPGA/Doppler/S Band/IO4/ADC+/ISE/MyDCM.vhd" \
      PB ieee/std_logic_1164 1200023565 PH ieee/NUMERIC_STD 1200023568 LB UNISIM \
      PH unisim/VCOMPONENTS 1200023571
AR work/MyDCM/BEHAVIORAL 1582851880 \
      FL "D:/Proyecto Radar CSB/Doppler RDA/FPGA/Doppler/S Band/IO4/ADC+/ISE/MyDCM.vhd" \
      EN work/MyDCM 1582851879 CP BUFG CP IBUFG CP DCM
FL "D:/Proyecto Radar CSB/Doppler RDA/FPGA/Doppler/S Band/IO4/ADC+/ISE/rawfifo511x14.vhd" 2020/01/23.18:12:11 K.31
FL "D:/Proyecto Radar CSB/Doppler RDA/FPGA/Doppler/S Band/IO4/ADC+/Src/led.vhd" 2007/11/12.12:43:32 K.31
FL "D:/Proyecto Radar CSB/Doppler RDA/FPGA/Doppler/S Band/IO4/ADC+/Src/USER_AP_ADC.vhd" 2020/03/03.15:41:32 K.31
FL "D:/Proyecto Radar CSB/Doppler RDA/FPGA/Doppler/S Band/IO4/common/HE_ADC.vhd" 2007/11/12.12:43:32 K.31
FL "D:/Proyecto Radar CSB/Doppler RDA/FPGA/Doppler/S Band/IO4/common/HE_DAC.vhd" 2007/11/12.12:43:32 K.31
FL "D:/Proyecto Radar CSB/Doppler RDA/FPGA/Doppler/S Band/IO4/common/HE_RWCLK.vhd" 2007/11/12.12:43:32 K.31
FL "D:/Proyecto Radar CSB/Doppler RDA/FPGA/Doppler/S Band/IO4/common/HE_SCLK.vhd" 2007/11/12.12:43:32 K.31
FL "D:/Proyecto Radar CSB/Doppler RDA/FPGA/Doppler/S Band/IO4/common/HE_USER.vhd" 2007/11/12.12:43:32 K.31
FL "D:/Proyecto Radar CSB/Doppler RDA/FPGA/Doppler/S Band/IO4/Common/HE_WR_6F.vhd" 2007/11/12.12:43:32 K.31
FL "D:/Proyecto Radar CSB/Doppler RDA/FPGA/Doppler/S Band/IO4/common/TOP.vhd" 2007/11/12.12:43:32 K.31
FL "D:/Proyecto Radar CSB/Doppler RDA/FPGA/Doppler/S Band/IO4/common/V2ES_RWC.vhd" 2007/11/12.12:43:32 K.31
FL "D:/Proyecto Radar CSB/Doppler RDA/FPGA/Doppler/S Band/IO4/Common/V2_RD_6F.vhd" 2007/11/12.12:43:32 K.31
FL "E:/Proyecto Radar Doppler CSB/FPGA/Doppler/S Band/IO4/ADC+/ISE/rawfifo255x14.vhd" 2008/07/31.13:32:40 K.31
EN work/rawfifo255x14 1569003959 \
      FL "E:/Proyecto Radar Doppler CSB/FPGA/Doppler/S Band/IO4/ADC+/ISE/rawfifo255x14.vhd" \
      PB ieee/std_logic_1164 1200023565
AR work/rawfifo255x14/rawfifo255x14_a 1569003960 \
      FL "E:/Proyecto Radar Doppler CSB/FPGA/Doppler/S Band/IO4/ADC+/ISE/rawfifo255x14.vhd" \
      EN work/rawfifo255x14 1569003959
FL "E:/Proyecto Radar Doppler CSB/FPGA/Doppler/S Band/IO4/ADC+/ISE/rawfifo511x14.vhd" 2020/01/23.21:12:11 K.31
FL "E:/Proyecto Radar Doppler CSB/FPGA/Doppler/S Band/IO4/ADC+/Src/led.vhd" 2007/11/12.15:43:32 K.31
FL "E:/Proyecto Radar Doppler CSB/FPGA/Doppler/S Band/IO4/ADC+/Src/USER_AP_ADC.vhd" 2020/01/30.10:35:34 K.31
FL "E:/Proyecto Radar Doppler CSB/FPGA/Doppler/S Band/IO4/common/HE_ADC.vhd" 2007/11/12.15:43:32 K.31
FL "E:/Proyecto Radar Doppler CSB/FPGA/Doppler/S Band/IO4/common/HE_DAC.vhd" 2007/11/12.15:43:32 K.31
FL "E:/Proyecto Radar Doppler CSB/FPGA/Doppler/S Band/IO4/common/HE_RWCLK.vhd" 2007/11/12.15:43:32 K.31
FL "E:/Proyecto Radar Doppler CSB/FPGA/Doppler/S Band/IO4/common/HE_SCLK.vhd" 2007/11/12.15:43:32 K.31
FL "E:/Proyecto Radar Doppler CSB/FPGA/Doppler/S Band/IO4/common/HE_USER.vhd" 2007/11/12.15:43:32 K.31
FL "E:/Proyecto Radar Doppler CSB/FPGA/Doppler/S Band/IO4/Common/HE_WR_6F.vhd" 2007/11/12.15:43:32 K.31
FL "E:/Proyecto Radar Doppler CSB/FPGA/Doppler/S Band/IO4/common/TOP.vhd" 2007/11/12.15:43:32 K.31
FL "E:/Proyecto Radar Doppler CSB/FPGA/Doppler/S Band/IO4/common/V2ES_RWC.vhd" 2007/11/12.15:43:32 K.31
FL "E:/Proyecto Radar Doppler CSB/FPGA/Doppler/S Band/IO4/Common/V2_RD_6F.vhd" 2007/11/12.15:43:32 K.31
