V3 356
FL "C:/Proyecto Cyclos_Cuba/FPGA/Cyclops_Cuba/FPGA/IO4/ADC+/ISE/rawfifo255x14.vhd" 2008/07/31.13:32:40 K.31
FL "C:/Proyecto Cyclos_Cuba/FPGA/Cyclops_Cuba/FPGA/IO4/ADC+/Src/led.vhd" 2007/11/12.16:43:32 K.31
FL "C:/Proyecto Cyclos_Cuba/FPGA/Cyclops_Cuba/FPGA/IO4/ADC+/Src/USER_AP_ADC.vhd" 2009/05/19.14:38:52 K.31
FL "C:/Proyecto Cyclos_Cuba/FPGA/Cyclops_Cuba/FPGA/IO4/common/HE_ADC.vhd" 2007/11/12.16:43:32 K.31
FL "C:/Proyecto Cyclos_Cuba/FPGA/Cyclops_Cuba/FPGA/IO4/common/HE_DAC.vhd" 2007/11/12.16:43:32 K.31
FL "C:/Proyecto Cyclos_Cuba/FPGA/Cyclops_Cuba/FPGA/IO4/common/HE_RWCLK.vhd" 2007/11/12.16:43:32 K.31
FL "C:/Proyecto Cyclos_Cuba/FPGA/Cyclops_Cuba/FPGA/IO4/common/HE_SCLK.vhd" 2007/11/12.16:43:32 K.31
FL "C:/Proyecto Cyclos_Cuba/FPGA/Cyclops_Cuba/FPGA/IO4/common/HE_USER.vhd" 2007/11/12.16:43:32 K.31
FL "C:/Proyecto Cyclos_Cuba/FPGA/Cyclops_Cuba/FPGA/IO4/Common/HE_WR_6F.vhd" 2007/11/12.16:43:32 K.31
FL "C:/Proyecto Cyclos_Cuba/FPGA/Cyclops_Cuba/FPGA/IO4/common/TOP.vhd" 2007/11/12.16:43:32 K.31
FL "C:/Proyecto Cyclos_Cuba/FPGA/Cyclops_Cuba/FPGA/IO4/common/V2ES_RWC.vhd" 2007/11/12.16:43:32 K.31
FL "C:/Proyecto Cyclos_Cuba/FPGA/Cyclops_Cuba/FPGA/IO4/Common/V2_RD_6F.vhd" 2007/11/12.16:43:32 K.31
FL "C:/Proyecto Cyclos_Cuba/FPGA/New_Cyclop/IO4/ADC+/ISE/rawfifo255x14.vhd" 2008/07/31.12:32:40 K.31
FL "C:/Proyecto Cyclos_Cuba/FPGA/New_Cyclop/IO4/ADC+/Src/led.vhd" 2007/11/12.15:43:32 K.31
FL "C:/Proyecto Cyclos_Cuba/FPGA/New_Cyclop/IO4/ADC+/Src/USER_AP_ADC.vhd" 2010/01/19.08:55:15 K.31
FL "C:/Proyecto Cyclos_Cuba/FPGA/New_Cyclop/IO4/common/HE_ADC.vhd" 2007/11/12.15:43:32 K.31
FL "C:/Proyecto Cyclos_Cuba/FPGA/New_Cyclop/IO4/common/HE_DAC.vhd" 2007/11/12.15:43:32 K.31
FL "C:/Proyecto Cyclos_Cuba/FPGA/New_Cyclop/IO4/common/HE_RWCLK.vhd" 2007/11/12.15:43:32 K.31
FL "C:/Proyecto Cyclos_Cuba/FPGA/New_Cyclop/IO4/common/HE_SCLK.vhd" 2007/11/12.15:43:32 K.31
FL "C:/Proyecto Cyclos_Cuba/FPGA/New_Cyclop/IO4/common/HE_USER.vhd" 2007/11/12.15:43:32 K.31
FL "C:/Proyecto Cyclos_Cuba/FPGA/New_Cyclop/IO4/Common/HE_WR_6F.vhd" 2007/11/12.15:43:32 K.31
FL "C:/Proyecto Cyclos_Cuba/FPGA/New_Cyclop/IO4/common/TOP.vhd" 2007/11/12.15:43:32 K.31
FL "C:/Proyecto Cyclos_Cuba/FPGA/New_Cyclop/IO4/common/V2ES_RWC.vhd" 2007/11/12.15:43:32 K.31
FL "C:/Proyecto Cyclos_Cuba/FPGA/New_Cyclop/IO4/Common/V2_RD_6F.vhd" 2007/11/12.15:43:32 K.31
FL C:/Robert/Programacion/FPGA/Copy_Met_Office/FPGA/IO4/ADC+/Src/led.vhd 2007/11/12.16:43:32 K.31
FL C:/Robert/Programacion/FPGA/Copy_Met_Office/FPGA/IO4/ADC+/Src/USER_AP_ADC.vhd 2008/07/02.05:27:11 K.31
FL C:/Robert/Programacion/FPGA/Copy_Met_Office/FPGA/IO4/common/HE_ADC.vhd 2007/11/12.16:43:32 K.31
FL C:/Robert/Programacion/FPGA/Copy_Met_Office/FPGA/IO4/common/HE_DAC.vhd 2007/11/12.16:43:32 K.31
FL C:/Robert/Programacion/FPGA/Copy_Met_Office/FPGA/IO4/common/HE_RWCLK.vhd 2007/11/12.16:43:32 K.31
FL C:/Robert/Programacion/FPGA/Copy_Met_Office/FPGA/IO4/common/HE_SCLK.vhd 2007/11/12.16:43:32 K.31
FL C:/Robert/Programacion/FPGA/Copy_Met_Office/FPGA/IO4/common/HE_USER.vhd 2007/11/12.16:43:32 K.31
FL C:/Robert/Programacion/FPGA/Copy_Met_Office/FPGA/IO4/Common/HE_WR_6F.vhd 2007/11/12.16:43:32 K.31
FL C:/Robert/Programacion/FPGA/Copy_Met_Office/FPGA/IO4/common/TOP.vhd 2007/11/12.16:43:32 K.31
FL C:/Robert/Programacion/FPGA/Copy_Met_Office/FPGA/IO4/common/V2ES_RWC.vhd 2007/11/12.16:43:32 K.31
FL C:/Robert/Programacion/FPGA/Copy_Met_Office/FPGA/IO4/Common/V2_RD_6F.vhd 2007/11/12.16:43:32 K.31
FL "C:/Robert/Proyecto Radar Doppler/Proyecto Cyclos_Cuba/FPGA/New_Cyclop/IO4/ADC+/ISE/rawfifo255x14.vhd" 2008/07/31.12:32:40 K.31
FL "C:/Robert/Proyecto Radar Doppler/Proyecto Cyclos_Cuba/FPGA/New_Cyclop/IO4/ADC+/Src/led.vhd" 2007/11/12.15:43:32 K.31
FL "C:/Robert/Proyecto Radar Doppler/Proyecto Cyclos_Cuba/FPGA/New_Cyclop/IO4/ADC+/Src/USER_AP_ADC.vhd" 2010/01/19.08:55:15 K.31
FL "C:/Robert/Proyecto Radar Doppler/Proyecto Cyclos_Cuba/FPGA/New_Cyclop/IO4/common/HE_ADC.vhd" 2007/11/12.15:43:32 K.31
FL "C:/Robert/Proyecto Radar Doppler/Proyecto Cyclos_Cuba/FPGA/New_Cyclop/IO4/common/HE_DAC.vhd" 2007/11/12.15:43:32 K.31
FL "C:/Robert/Proyecto Radar Doppler/Proyecto Cyclos_Cuba/FPGA/New_Cyclop/IO4/common/HE_RWCLK.vhd" 2007/11/12.15:43:32 K.31
FL "C:/Robert/Proyecto Radar Doppler/Proyecto Cyclos_Cuba/FPGA/New_Cyclop/IO4/common/HE_SCLK.vhd" 2007/11/12.15:43:32 K.31
FL "C:/Robert/Proyecto Radar Doppler/Proyecto Cyclos_Cuba/FPGA/New_Cyclop/IO4/common/HE_USER.vhd" 2007/11/12.15:43:32 K.31
FL "C:/Robert/Proyecto Radar Doppler/Proyecto Cyclos_Cuba/FPGA/New_Cyclop/IO4/Common/HE_WR_6F.vhd" 2007/11/12.15:43:32 K.31
FL "C:/Robert/Proyecto Radar Doppler/Proyecto Cyclos_Cuba/FPGA/New_Cyclop/IO4/common/TOP.vhd" 2007/11/12.15:43:32 K.31
FL "C:/Robert/Proyecto Radar Doppler/Proyecto Cyclos_Cuba/FPGA/New_Cyclop/IO4/common/V2ES_RWC.vhd" 2007/11/12.15:43:32 K.31
FL "C:/Robert/Proyecto Radar Doppler/Proyecto Cyclos_Cuba/FPGA/New_Cyclop/IO4/Common/V2_RD_6F.vhd" 2007/11/12.15:43:32 K.31
FL "D:/Programacion FPGA/Proyecto Radar CSB/NO Doppler/V2.1/IO4_Tx/ADC+/ISE/iq_out_fifo.vhd" 2018/02/22.17:00:02 K.31
EN work/iq_out_fifo 1524820267 \
      FL "D:/Programacion FPGA/Proyecto Radar CSB/NO Doppler/V2.1/IO4_Tx/ADC+/ISE/iq_out_fifo.vhd" \
      PB ieee/std_logic_1164 1200023565
AR work/iq_out_fifo/iq_out_fifo_a 1524820268 \
      FL "D:/Programacion FPGA/Proyecto Radar CSB/NO Doppler/V2.1/IO4_Tx/ADC+/ISE/iq_out_fifo.vhd" \
      EN work/iq_out_fifo 1524820267
FL "D:/Programacion FPGA/Proyecto Radar CSB/NO Doppler/V2.1/IO4_Tx/ADC+/ISE/lpfilter.vhd" 2009/05/08.17:20:04 K.31
EN work/lpfilter 1524820271 \
      FL "D:/Programacion FPGA/Proyecto Radar CSB/NO Doppler/V2.1/IO4_Tx/ADC+/ISE/lpfilter.vhd" \
      PB ieee/std_logic_1164 1200023565
AR work/lpfilter/lpfilter_a 1524820272 \
      FL "D:/Programacion FPGA/Proyecto Radar CSB/NO Doppler/V2.1/IO4_Tx/ADC+/ISE/lpfilter.vhd" \
      EN work/lpfilter 1524820271
FL "D:/Programacion FPGA/Proyecto Radar CSB/NO Doppler/V2.1/IO4_Tx/ADC+/ISE/outputfifo.vhd" 2009/05/08.17:15:52 K.31
FL "D:/Programacion FPGA/Proyecto Radar CSB/NO Doppler/V2.1/IO4_Tx/ADC+/ISE/rawfifo511x14.vhd" 2018/02/08.21:59:13 K.31
FL "D:/Programacion FPGA/Proyecto Radar CSB/NO Doppler/V2.1/IO4_Tx/ADC+/ISE/times360.vhd" 2012/03/18.03:13:46 K.31
FL "D:/Programacion FPGA/Proyecto Radar CSB/NO Doppler/V2.1/IO4_Tx/ADC+/Src/led.vhd" 2007/11/12.22:43:32 K.31
FL "D:/Programacion FPGA/Proyecto Radar CSB/NO Doppler/V2.1/IO4_Tx/ADC+/Src/mod_m_cter.vhd" 2017/10/24.18:13:18 K.31
FL "D:/Programacion FPGA/Proyecto Radar CSB/NO Doppler/V2.1/IO4_Tx/ADC+/Src/UART_TX.vhd" 2017/10/24.20:19:44 K.31
FL "D:/Programacion FPGA/Proyecto Radar CSB/NO Doppler/V2.1/IO4_Tx/ADC+/Src/USER_AP_ADC.vhd" 2018/04/27.11:11:03 K.31
FL "D:/Programacion FPGA/Proyecto Radar CSB/NO Doppler/V2.1/IO4_Tx/Common/HE_ADC.vhd" 2007/11/12.22:43:32 K.31
FL "D:/Programacion FPGA/Proyecto Radar CSB/NO Doppler/V2.1/IO4_Tx/Common/HE_DAC.vhd" 2007/11/12.22:43:32 K.31
FL "D:/Programacion FPGA/Proyecto Radar CSB/NO Doppler/V2.1/IO4_Tx/Common/HE_RWCLK.vhd" 2007/11/12.22:43:32 K.31
FL "D:/Programacion FPGA/Proyecto Radar CSB/NO Doppler/V2.1/IO4_Tx/Common/HE_SCLK.vhd" 2007/11/12.22:43:32 K.31
FL "D:/Programacion FPGA/Proyecto Radar CSB/NO Doppler/V2.1/IO4_Tx/Common/HE_USER.vhd" 2007/11/12.22:43:32 K.31
FL "D:/Programacion FPGA/Proyecto Radar CSB/NO Doppler/V2.1/IO4_Tx/Common/HE_WR_6F.vhd" 2007/11/12.22:43:32 K.31
FL "D:/Programacion FPGA/Proyecto Radar CSB/NO Doppler/V2.1/IO4_Tx/Common/TOP.vhd" 2017/09/28.17:52:03 K.31
FL "D:/Programacion FPGA/Proyecto Radar CSB/NO Doppler/V2.1/IO4_Tx/Common/V2ES_RWC.vhd" 2007/11/12.22:43:32 K.31
FL "D:/Programacion FPGA/Proyecto Radar CSB/NO Doppler/V2.1/IO4_Tx/Common/V2_RD_6F.vhd" 2007/11/12.22:43:32 K.31
FL "D:/Programacion FPGA/Proyecto Radar CSB/NO Doppler/V2.2 No doppler/IO4_Tx/ADC+/ISE/outputfifo.vhd" 2009/05/08.17:15:52 K.31
EN work/outputfifo 1529043521 \
      FL "D:/Programacion FPGA/Proyecto Radar CSB/NO Doppler/V2.2 No doppler/IO4_Tx/ADC+/ISE/outputfifo.vhd" \
      PB ieee/std_logic_1164 1200023565
AR work/outputfifo/outputfifo_a 1529043522 \
      FL "D:/Programacion FPGA/Proyecto Radar CSB/NO Doppler/V2.2 No doppler/IO4_Tx/ADC+/ISE/outputfifo.vhd" \
      EN work/outputfifo 1529043521
FL "D:/Programacion FPGA/Proyecto Radar CSB/NO Doppler/V2.2 No doppler/IO4_Tx/ADC+/ISE/rawfifo511x14.vhd" 2018/02/08.21:59:13 K.31
EN work/rawFIFO511x14 1529043519 \
      FL "D:/Programacion FPGA/Proyecto Radar CSB/NO Doppler/V2.2 No doppler/IO4_Tx/ADC+/ISE/rawfifo511x14.vhd" \
      PB ieee/std_logic_1164 1200023565
AR work/rawFIFO511x14/rawFIFO511x14_a 1529043520 \
      FL "D:/Programacion FPGA/Proyecto Radar CSB/NO Doppler/V2.2 No doppler/IO4_Tx/ADC+/ISE/rawfifo511x14.vhd" \
      EN work/rawFIFO511x14 1529043519
FL "D:/Programacion FPGA/Proyecto Radar CSB/NO Doppler/V2.2 No doppler/IO4_Tx/ADC+/ISE/times360.vhd" 2012/03/18.03:13:46 K.31
EN work/times360 1529043523 \
      FL "D:/Programacion FPGA/Proyecto Radar CSB/NO Doppler/V2.2 No doppler/IO4_Tx/ADC+/ISE/times360.vhd" \
      PB ieee/std_logic_1164 1200023565
AR work/times360/times360_a 1529043524 \
      FL "D:/Programacion FPGA/Proyecto Radar CSB/NO Doppler/V2.2 No doppler/IO4_Tx/ADC+/ISE/times360.vhd" \
      EN work/times360 1529043523
FL "D:/Programacion FPGA/Proyecto Radar CSB/NO Doppler/V2.2 No doppler/IO4_Tx/ADC+/Src/led.vhd" 2007/11/12.22:43:32 K.31
EN work/LED_CNTR 1529043529 \
      FL "D:/Programacion FPGA/Proyecto Radar CSB/NO Doppler/V2.2 No doppler/IO4_Tx/ADC+/Src/led.vhd" \
      PB ieee/std_logic_1164 1200023565 PH ieee/NUMERIC_STD 1200023568
AR work/LED_CNTR/RTL 1529043530 \
      FL "D:/Programacion FPGA/Proyecto Radar CSB/NO Doppler/V2.2 No doppler/IO4_Tx/ADC+/Src/led.vhd" \
      EN work/LED_CNTR 1529043529
FL "D:/Programacion FPGA/Proyecto Radar CSB/NO Doppler/V2.2 No doppler/IO4_Tx/ADC+/Src/mod_m_cter.vhd" 2017/10/24.18:13:18 K.31
EN work/mod_m_cter 1529043525 \
      FL "D:/Programacion FPGA/Proyecto Radar CSB/NO Doppler/V2.2 No doppler/IO4_Tx/ADC+/Src/mod_m_cter.vhd" \
      PB ieee/std_logic_1164 1200023565 PB ieee/std_logic_arith 1200023566 \
      PB ieee/STD_LOGIC_UNSIGNED 1200023567
AR work/mod_m_cter/Behavioral 1529043526 \
      FL "D:/Programacion FPGA/Proyecto Radar CSB/NO Doppler/V2.2 No doppler/IO4_Tx/ADC+/Src/mod_m_cter.vhd" \
      EN work/mod_m_cter 1529043525
FL "D:/Programacion FPGA/Proyecto Radar CSB/NO Doppler/V2.2 No doppler/IO4_Tx/ADC+/Src/UART_TX.vhd" 2017/10/24.20:19:44 K.31
EN work/UART_TX 1529043527 \
      FL "D:/Programacion FPGA/Proyecto Radar CSB/NO Doppler/V2.2 No doppler/IO4_Tx/ADC+/Src/UART_TX.vhd" \
      PB ieee/std_logic_1164 1200023565 PB ieee/std_logic_arith 1200023566 \
      PB ieee/STD_LOGIC_UNSIGNED 1200023567
AR work/UART_TX/Behavioral 1529043528 \
      FL "D:/Programacion FPGA/Proyecto Radar CSB/NO Doppler/V2.2 No doppler/IO4_Tx/ADC+/Src/UART_TX.vhd" \
      EN work/UART_TX 1529043527
FL "D:/Programacion FPGA/Proyecto Radar CSB/NO Doppler/V2.2 No doppler/IO4_Tx/ADC+/Src/USER_AP_ADC.vhd" 2018/06/15.08:18:31 K.31
PH work/CONFIG 1529043553 \
      FL "D:/Programacion FPGA/Proyecto Radar CSB/NO Doppler/V2.2 No doppler/IO4_Tx/ADC+/Src/USER_AP_ADC.vhd"
EN work/USER_AP 1529043554 \
      FL "D:/Programacion FPGA/Proyecto Radar CSB/NO Doppler/V2.2 No doppler/IO4_Tx/ADC+/Src/USER_AP_ADC.vhd" \
      LB UNISIM PB ieee/std_logic_1164 1200023565 PH ieee/NUMERIC_STD 1200023568 \
      PH unisim/VCOMPONENTS 1200023571 PH work/CONFIG 1529043553
AR work/USER_AP/ADC 1529043555 \
      FL "D:/Programacion FPGA/Proyecto Radar CSB/NO Doppler/V2.2 No doppler/IO4_Tx/ADC+/Src/USER_AP_ADC.vhd" \
      EN work/USER_AP 1529043554 CP rawFIFO511x14 CP outputfifo CP times360 \
      CP mod_m_cter CP uart_tx CP BUFG CP LED_CNTR CP FDC
FL "D:/Programacion FPGA/Proyecto Radar CSB/NO Doppler/V2.2 No doppler/IO4_Tx/Common/HE_ADC.vhd" 2007/11/12.22:43:32 K.31
EN work/HE_ADC 1529043549 \
      FL "D:/Programacion FPGA/Proyecto Radar CSB/NO Doppler/V2.2 No doppler/IO4_Tx/Common/HE_ADC.vhd" \
      PB ieee/std_logic_1164 1200023565
AR work/HE_ADC/RTL 1529043550 \
      FL "D:/Programacion FPGA/Proyecto Radar CSB/NO Doppler/V2.2 No doppler/IO4_Tx/Common/HE_ADC.vhd" \
      EN work/HE_ADC 1529043549 CP FDC
FL "D:/Programacion FPGA/Proyecto Radar CSB/NO Doppler/V2.2 No doppler/IO4_Tx/Common/HE_DAC.vhd" 2007/11/12.22:43:32 K.31
EN work/HE_DAC 1529043551 \
      FL "D:/Programacion FPGA/Proyecto Radar CSB/NO Doppler/V2.2 No doppler/IO4_Tx/Common/HE_DAC.vhd" \
      PB ieee/std_logic_1164 1200023565
AR work/HE_DAC/RTL 1529043552 \
      FL "D:/Programacion FPGA/Proyecto Radar CSB/NO Doppler/V2.2 No doppler/IO4_Tx/Common/HE_DAC.vhd" \
      EN work/HE_DAC 1529043551 CP FD
FL "D:/Programacion FPGA/Proyecto Radar CSB/NO Doppler/V2.2 No doppler/IO4_Tx/Common/HE_RWCLK.vhd" 2007/11/12.22:43:32 K.31
EN work/HE_RWCLK 1529043531 \
      FL "D:/Programacion FPGA/Proyecto Radar CSB/NO Doppler/V2.2 No doppler/IO4_Tx/Common/HE_RWCLK.vhd" \
      PB ieee/std_logic_1164 1200023565
AR work/HE_RWCLK/RTL 1529043532 \
      FL "D:/Programacion FPGA/Proyecto Radar CSB/NO Doppler/V2.2 No doppler/IO4_Tx/Common/HE_RWCLK.vhd" \
      EN work/HE_RWCLK 1529043531 CP FDP CP CLKDLLHF CP CLKDLL CP BUFG
FL "D:/Programacion FPGA/Proyecto Radar CSB/NO Doppler/V2.2 No doppler/IO4_Tx/Common/HE_SCLK.vhd" 2007/11/12.22:43:32 K.31
EN work/HE_SCLK 1529043547 \
      FL "D:/Programacion FPGA/Proyecto Radar CSB/NO Doppler/V2.2 No doppler/IO4_Tx/Common/HE_SCLK.vhd" \
      PB ieee/std_logic_1164 1200023565
AR work/HE_SCLK/RTL 1529043548 \
      FL "D:/Programacion FPGA/Proyecto Radar CSB/NO Doppler/V2.2 No doppler/IO4_Tx/Common/HE_SCLK.vhd" \
      EN work/HE_SCLK 1529043547 CP BUFG
FL "D:/Programacion FPGA/Proyecto Radar CSB/NO Doppler/V2.2 No doppler/IO4_Tx/Common/HE_USER.vhd" 2007/11/12.22:43:32 K.31
EN work/HE_USER 1529043545 \
      FL "D:/Programacion FPGA/Proyecto Radar CSB/NO Doppler/V2.2 No doppler/IO4_Tx/Common/HE_USER.vhd" \
      PB ieee/std_logic_1164 1200023565 PB ieee/std_logic_arith 1200023566 \
      PB ieee/STD_LOGIC_UNSIGNED 1200023567
AR work/HE_USER/RTL 1529043546 \
      FL "D:/Programacion FPGA/Proyecto Radar CSB/NO Doppler/V2.2 No doppler/IO4_Tx/Common/HE_USER.vhd" \
      EN work/HE_USER 1529043545 CP FD
FL "D:/Programacion FPGA/Proyecto Radar CSB/NO Doppler/V2.2 No doppler/IO4_Tx/Common/HE_WR_6F.vhd" 2007/11/12.22:43:32 K.31
EN work/HE_WR_6F 1529043543 \
      FL "D:/Programacion FPGA/Proyecto Radar CSB/NO Doppler/V2.2 No doppler/IO4_Tx/Common/HE_WR_6F.vhd" \
      PB ieee/std_logic_1164 1200023565
AR work/HE_WR_6F/RTL 1529043544 \
      FL "D:/Programacion FPGA/Proyecto Radar CSB/NO Doppler/V2.2 No doppler/IO4_Tx/Common/HE_WR_6F.vhd" \
      EN work/HE_WR_6F 1529043543 CP FD CP FDC
FL "D:/Programacion FPGA/Proyecto Radar CSB/NO Doppler/V2.2 No doppler/IO4_Tx/Common/TOP.vhd" 2017/09/28.17:52:03 K.31
EN work/TOP 1529043556 \
      FL "D:/Programacion FPGA/Proyecto Radar CSB/NO Doppler/V2.2 No doppler/IO4_Tx/Common/TOP.vhd" \
      PB ieee/std_logic_1164 1200023565 PH work/CONFIG 1529043553
AR work/TOP/RTL 1529043557 \
      FL "D:/Programacion FPGA/Proyecto Radar CSB/NO Doppler/V2.2 No doppler/IO4_Tx/Common/TOP.vhd" \
      EN work/TOP 1529043556 CP iobuf CP IBUF CP IBUFG CP OBUF_F_24 CP HE_RWCLK \
      CP ES_RD_LF CP ES_RD_HF CP ES_WR_LF CP ES_WR_HF CP HE_RD_6F CP OBUF_F_8 \
      CP HE_WR_6F CP HE_USER CP OBUFTDS CP HE_SCLK CP HE_ADC CP HE_DAC CP OBUF_F_12 \
      CP USER_AP
FL "D:/Programacion FPGA/Proyecto Radar CSB/NO Doppler/V2.2 No doppler/IO4_Tx/Common/V2ES_RWC.vhd" 2007/11/12.22:43:32 K.31
EN work/ES_RD_LF 1529043533 \
      FL "D:/Programacion FPGA/Proyecto Radar CSB/NO Doppler/V2.2 No doppler/IO4_Tx/Common/V2ES_RWC.vhd" \
      PB ieee/std_logic_1164 1200023565
AR work/ES_RD_LF/RTL 1529043534 \
      FL "D:/Programacion FPGA/Proyecto Radar CSB/NO Doppler/V2.2 No doppler/IO4_Tx/Common/V2ES_RWC.vhd" \
      EN work/ES_RD_LF 1529043533 CP CLKDLL CP BUFG
EN work/ES_RD_HF 1529043535 \
      FL "D:/Programacion FPGA/Proyecto Radar CSB/NO Doppler/V2.2 No doppler/IO4_Tx/Common/V2ES_RWC.vhd" \
      PB ieee/std_logic_1164 1200023565
AR work/ES_RD_HF/RTL 1529043536 \
      FL "D:/Programacion FPGA/Proyecto Radar CSB/NO Doppler/V2.2 No doppler/IO4_Tx/Common/V2ES_RWC.vhd" \
      EN work/ES_RD_HF 1529043535 CP CLKDLLHF CP BUFG
EN work/ES_WR_LF 1529043537 \
      FL "D:/Programacion FPGA/Proyecto Radar CSB/NO Doppler/V2.2 No doppler/IO4_Tx/Common/V2ES_RWC.vhd" \
      PB ieee/std_logic_1164 1200023565
AR work/ES_WR_LF/RTL 1529043538 \
      FL "D:/Programacion FPGA/Proyecto Radar CSB/NO Doppler/V2.2 No doppler/IO4_Tx/Common/V2ES_RWC.vhd" \
      EN work/ES_WR_LF 1529043537 CP CLKDLL CP BUFG
EN work/ES_WR_HF 1529043539 \
      FL "D:/Programacion FPGA/Proyecto Radar CSB/NO Doppler/V2.2 No doppler/IO4_Tx/Common/V2ES_RWC.vhd" \
      PB ieee/std_logic_1164 1200023565
AR work/ES_WR_HF/RTL 1529043540 \
      FL "D:/Programacion FPGA/Proyecto Radar CSB/NO Doppler/V2.2 No doppler/IO4_Tx/Common/V2ES_RWC.vhd" \
      EN work/ES_WR_HF 1529043539 CP CLKDLLHF CP BUFG
FL "D:/Programacion FPGA/Proyecto Radar CSB/NO Doppler/V2.2 No doppler/IO4_Tx/Common/V2_RD_6F.vhd" 2007/11/12.22:43:32 K.31
EN work/HE_RD_6F 1529043541 \
      FL "D:/Programacion FPGA/Proyecto Radar CSB/NO Doppler/V2.2 No doppler/IO4_Tx/Common/V2_RD_6F.vhd" \
      PB ieee/std_logic_1164 1200023565
AR work/HE_RD_6F/RTL 1529043542 \
      FL "D:/Programacion FPGA/Proyecto Radar CSB/NO Doppler/V2.2 No doppler/IO4_Tx/Common/V2_RD_6F.vhd" \
      EN work/HE_RD_6F 1529043541 CP FD CP FDCE CP FDC CP lut4 CP lut3 CP lut2 \
      CP lut4_l CP MUXCY_L CP FDPE
FL "D:/Robert/Proyecto Radar Doppler/Proyecto Cyclos_Cuba/FPGA/New_Cyclop/en la pc x band/Programacion FPGA X Band/IO4/ADC+/ISE/DDS2.vhd" 2015/09/23.11:15:46 K.31
EN work/DDS2 1443464879 \
      FL "D:/Robert/Proyecto Radar Doppler/Proyecto Cyclos_Cuba/FPGA/New_Cyclop/en la pc x band/Programacion FPGA X Band/IO4/ADC+/ISE/DDS2.vhd" \
      PB ieee/std_logic_1164 1200023565
AR work/DDS2/DDS2_a 1443464880 \
      FL "D:/Robert/Proyecto Radar Doppler/Proyecto Cyclos_Cuba/FPGA/New_Cyclop/en la pc x band/Programacion FPGA X Band/IO4/ADC+/ISE/DDS2.vhd" \
      EN work/DDS2 1443464879
FL "D:/Robert/Proyecto Radar Doppler/Proyecto Cyclos_Cuba/FPGA/New_Cyclop/en la pc x band/Programacion FPGA X Band/IO4/ADC+/ISE/rawfifo511x14.vhd" 2012/04/23.11:31:12 K.31
FL "D:/Robert/Proyecto Radar Doppler/Proyecto Cyclos_Cuba/FPGA/New_Cyclop/en la pc x band/Programacion FPGA X Band/IO4/ADC+/Src/led.vhd" 2007/11/12.16:43:32 K.31
FL "D:/Robert/Proyecto Radar Doppler/Proyecto Cyclos_Cuba/FPGA/New_Cyclop/en la pc x band/Programacion FPGA X Band/IO4/ADC+/Src/USER_AP_ADC.vhd" 2016/04/28.09:39:55 K.31
FL "D:/Robert/Proyecto Radar Doppler/Proyecto Cyclos_Cuba/FPGA/New_Cyclop/en la pc x band/Programacion FPGA X Band/IO4/common/HE_ADC.vhd" 2007/11/12.16:43:32 K.31
FL "D:/Robert/Proyecto Radar Doppler/Proyecto Cyclos_Cuba/FPGA/New_Cyclop/en la pc x band/Programacion FPGA X Band/IO4/common/HE_DAC.vhd" 2007/11/12.16:43:32 K.31
FL "D:/Robert/Proyecto Radar Doppler/Proyecto Cyclos_Cuba/FPGA/New_Cyclop/en la pc x band/Programacion FPGA X Band/IO4/common/HE_RWCLK.vhd" 2007/11/12.16:43:32 K.31
FL "D:/Robert/Proyecto Radar Doppler/Proyecto Cyclos_Cuba/FPGA/New_Cyclop/en la pc x band/Programacion FPGA X Band/IO4/common/HE_SCLK.vhd" 2007/11/12.16:43:32 K.31
FL "D:/Robert/Proyecto Radar Doppler/Proyecto Cyclos_Cuba/FPGA/New_Cyclop/en la pc x band/Programacion FPGA X Band/IO4/common/HE_USER.vhd" 2007/11/12.16:43:32 K.31
FL "D:/Robert/Proyecto Radar Doppler/Proyecto Cyclos_Cuba/FPGA/New_Cyclop/en la pc x band/Programacion FPGA X Band/IO4/Common/HE_WR_6F.vhd" 2007/11/12.16:43:32 K.31
FL "D:/Robert/Proyecto Radar Doppler/Proyecto Cyclos_Cuba/FPGA/New_Cyclop/en la pc x band/Programacion FPGA X Band/IO4/common/TOP.vhd" 2007/11/12.16:43:32 K.31
FL "D:/Robert/Proyecto Radar Doppler/Proyecto Cyclos_Cuba/FPGA/New_Cyclop/en la pc x band/Programacion FPGA X Band/IO4/common/V2ES_RWC.vhd" 2007/11/12.16:43:32 K.31
FL "D:/Robert/Proyecto Radar Doppler/Proyecto Cyclos_Cuba/FPGA/New_Cyclop/en la pc x band/Programacion FPGA X Band/IO4/Common/V2_RD_6F.vhd" 2007/11/12.16:43:32 K.31
FL "D:/Robert/Proyecto Radar Doppler/Proyecto Cyclos_Cuba/FPGA/New_Cyclop/en la pc x band/Programacion FPGA X Band/prubeas con nuevo DDC/DDCv1_0/IO4/ADC+/ISE/rawfifo511x14.vhd" 2016/09/15.17:47:00 K.31
FL "D:/Robert/Proyecto Radar Doppler/Proyecto Cyclos_Cuba/FPGA/New_Cyclop/en la pc x band/Programacion FPGA X Band/prubeas con nuevo DDC/DDCv1_0/IO4/ADC+/Src/led.vhd" 2007/11/12.16:43:32 K.31
FL "D:/Robert/Proyecto Radar Doppler/Proyecto Cyclos_Cuba/FPGA/New_Cyclop/en la pc x band/Programacion FPGA X Band/prubeas con nuevo DDC/DDCv1_0/IO4/ADC+/Src/USER_AP_ADC.vhd" 2016/09/15.17:47:15 K.31
FL "D:/Robert/Proyecto Radar Doppler/Proyecto Cyclos_Cuba/FPGA/New_Cyclop/en la pc x band/Programacion FPGA X Band/prubeas con nuevo DDC/DDCv1_0/IO4/common/HE_ADC.vhd" 2007/11/12.16:43:32 K.31
FL "D:/Robert/Proyecto Radar Doppler/Proyecto Cyclos_Cuba/FPGA/New_Cyclop/en la pc x band/Programacion FPGA X Band/prubeas con nuevo DDC/DDCv1_0/IO4/common/HE_DAC.vhd" 2007/11/12.16:43:32 K.31
FL "D:/Robert/Proyecto Radar Doppler/Proyecto Cyclos_Cuba/FPGA/New_Cyclop/en la pc x band/Programacion FPGA X Band/prubeas con nuevo DDC/DDCv1_0/IO4/common/HE_RWCLK.vhd" 2007/11/12.16:43:32 K.31
FL "D:/Robert/Proyecto Radar Doppler/Proyecto Cyclos_Cuba/FPGA/New_Cyclop/en la pc x band/Programacion FPGA X Band/prubeas con nuevo DDC/DDCv1_0/IO4/common/HE_SCLK.vhd" 2007/11/12.16:43:32 K.31
FL "D:/Robert/Proyecto Radar Doppler/Proyecto Cyclos_Cuba/FPGA/New_Cyclop/en la pc x band/Programacion FPGA X Band/prubeas con nuevo DDC/DDCv1_0/IO4/common/HE_USER.vhd" 2007/11/12.16:43:32 K.31
FL "D:/Robert/Proyecto Radar Doppler/Proyecto Cyclos_Cuba/FPGA/New_Cyclop/en la pc x band/Programacion FPGA X Band/prubeas con nuevo DDC/DDCv1_0/IO4/Common/HE_WR_6F.vhd" 2007/11/12.16:43:32 K.31
FL "D:/Robert/Proyecto Radar Doppler/Proyecto Cyclos_Cuba/FPGA/New_Cyclop/en la pc x band/Programacion FPGA X Band/prubeas con nuevo DDC/DDCv1_0/IO4/common/TOP.vhd" 2007/11/12.16:43:32 K.31
FL "D:/Robert/Proyecto Radar Doppler/Proyecto Cyclos_Cuba/FPGA/New_Cyclop/en la pc x band/Programacion FPGA X Band/prubeas con nuevo DDC/DDCv1_0/IO4/common/V2ES_RWC.vhd" 2007/11/12.16:43:32 K.31
FL "D:/Robert/Proyecto Radar Doppler/Proyecto Cyclos_Cuba/FPGA/New_Cyclop/en la pc x band/Programacion FPGA X Band/prubeas con nuevo DDC/DDCv1_0/IO4/Common/V2_RD_6F.vhd" 2007/11/12.16:43:32 K.31
FL "D:/Robert/Proyecto Radar Doppler/Proyecto Cyclos_Cuba/FPGA/New_Cyclop/S Band/IO4/ADC+/ISE/rawfifo255x14.vhd" 2008/07/31.13:32:40 K.31
EN work/rawfifo255x14 1334941619 \
      FL "D:/Robert/Proyecto Radar Doppler/Proyecto Cyclos_Cuba/FPGA/New_Cyclop/S Band/IO4/ADC+/ISE/rawfifo255x14.vhd" \
      PB ieee/std_logic_1164 1200023565
AR work/rawfifo255x14/rawfifo255x14_a 1334941620 \
      FL "D:/Robert/Proyecto Radar Doppler/Proyecto Cyclos_Cuba/FPGA/New_Cyclop/S Band/IO4/ADC+/ISE/rawfifo255x14.vhd" \
      EN work/rawfifo255x14 1334941619
FL "D:/Robert/Proyecto Radar Doppler/Proyecto Cyclos_Cuba/FPGA/New_Cyclop/S Band/IO4/ADC+/ISE/rawfifo511x14.vhd" 2012/04/23.11:31:12 K.31
FL "D:/Robert/Proyecto Radar Doppler/Proyecto Cyclos_Cuba/FPGA/New_Cyclop/S Band/IO4/ADC+/Src/led.vhd" 2007/11/12.16:43:32 K.31
FL "D:/Robert/Proyecto Radar Doppler/Proyecto Cyclos_Cuba/FPGA/New_Cyclop/S Band/IO4/ADC+/Src/USER_AP_ADC.vhd" 2014/10/07.10:40:16 K.31
FL "D:/Robert/Proyecto Radar Doppler/Proyecto Cyclos_Cuba/FPGA/New_Cyclop/S Band/IO4/common/HE_ADC.vhd" 2007/11/12.16:43:32 K.31
FL "D:/Robert/Proyecto Radar Doppler/Proyecto Cyclos_Cuba/FPGA/New_Cyclop/S Band/IO4/common/HE_DAC.vhd" 2007/11/12.16:43:32 K.31
FL "D:/Robert/Proyecto Radar Doppler/Proyecto Cyclos_Cuba/FPGA/New_Cyclop/S Band/IO4/common/HE_RWCLK.vhd" 2007/11/12.16:43:32 K.31
FL "D:/Robert/Proyecto Radar Doppler/Proyecto Cyclos_Cuba/FPGA/New_Cyclop/S Band/IO4/common/HE_SCLK.vhd" 2007/11/12.16:43:32 K.31
FL "D:/Robert/Proyecto Radar Doppler/Proyecto Cyclos_Cuba/FPGA/New_Cyclop/S Band/IO4/common/HE_USER.vhd" 2007/11/12.16:43:32 K.31
FL "D:/Robert/Proyecto Radar Doppler/Proyecto Cyclos_Cuba/FPGA/New_Cyclop/S Band/IO4/Common/HE_WR_6F.vhd" 2007/11/12.16:43:32 K.31
FL "D:/Robert/Proyecto Radar Doppler/Proyecto Cyclos_Cuba/FPGA/New_Cyclop/S Band/IO4/common/TOP.vhd" 2007/11/12.16:43:32 K.31
FL "D:/Robert/Proyecto Radar Doppler/Proyecto Cyclos_Cuba/FPGA/New_Cyclop/S Band/IO4/common/V2ES_RWC.vhd" 2007/11/12.16:43:32 K.31
FL "D:/Robert/Proyecto Radar Doppler/Proyecto Cyclos_Cuba/FPGA/New_Cyclop/S Band/IO4/Common/V2_RD_6F.vhd" 2007/11/12.16:43:32 K.31
FL "D:/Robert/prubeas con nuevo DDC/DDCv1_0/IO4/ADC+/ISE/rawfifo511x14.vhd" 2016/09/30.12:39:01 K.31
FL "D:/Robert/prubeas con nuevo DDC/DDCv1_0/IO4/ADC+/Src/led.vhd" 2007/11/12.15:43:32 K.31
FL "D:/Robert/prubeas con nuevo DDC/DDCv1_0/IO4/ADC+/Src/USER_AP_ADC.vhd" 2017/02/03.16:23:40 K.31
FL "D:/Robert/prubeas con nuevo DDC/DDCv1_0/IO4/common/HE_ADC.vhd" 2007/11/12.15:43:32 K.31
FL "D:/Robert/prubeas con nuevo DDC/DDCv1_0/IO4/common/HE_DAC.vhd" 2007/11/12.15:43:32 K.31
FL "D:/Robert/prubeas con nuevo DDC/DDCv1_0/IO4/common/HE_RWCLK.vhd" 2007/11/12.15:43:32 K.31
FL "D:/Robert/prubeas con nuevo DDC/DDCv1_0/IO4/common/HE_SCLK.vhd" 2007/11/12.15:43:32 K.31
FL "D:/Robert/prubeas con nuevo DDC/DDCv1_0/IO4/common/HE_USER.vhd" 2007/11/12.15:43:32 K.31
FL "D:/Robert/prubeas con nuevo DDC/DDCv1_0/IO4/Common/HE_WR_6F.vhd" 2007/11/12.15:43:32 K.31
FL "D:/Robert/prubeas con nuevo DDC/DDCv1_0/IO4/common/TOP.vhd" 2007/11/12.15:43:32 K.31
FL "D:/Robert/prubeas con nuevo DDC/DDCv1_0/IO4/common/V2ES_RWC.vhd" 2007/11/12.15:43:32 K.31
FL "D:/Robert/prubeas con nuevo DDC/DDCv1_0/IO4/Common/V2_RD_6F.vhd" 2007/11/12.15:43:32 K.31
FL E:/Robert/DRX_HLG/DDCv1_0/IO4/ADC+/ISE/rawfifo511x14.vhd 2016/09/30.13:39:01 K.31
FL E:/Robert/DRX_HLG/DDCv1_0/IO4/ADC+/ISE/SSS.vhd 2017/09/27.08:37:15 K.31
EN work/SSS 1506537194 FL E:/Robert/DRX_HLG/DDCv1_0/IO4/ADC+/ISE/SSS.vhd \
      PB ieee/std_logic_1164 1200023565 PH ieee/NUMERIC_STD 1200023568 LB UNISIM \
      PH unisim/VCOMPONENTS 1200023571
AR work/SSS/BEHAVIORAL 1506537195 \
      FL E:/Robert/DRX_HLG/DDCv1_0/IO4/ADC+/ISE/SSS.vhd EN work/SSS 1506537194 \
      CP OBUF CP IBUFG CP BUFG CP DCM
FL E:/Robert/DRX_HLG/DDCv1_0/IO4/ADC+/Src/led.vhd 2007/11/12.16:43:32 K.31
FL E:/Robert/DRX_HLG/DDCv1_0/IO4/ADC+/Src/USER_AP_ADC.vhd 2017/09/28.11:31:33 K.31
FL E:/Robert/DRX_HLG/DDCv1_0/IO4/common/HE_ADC.vhd 2007/11/12.16:43:32 K.31
FL E:/Robert/DRX_HLG/DDCv1_0/IO4/common/HE_DAC.vhd 2007/11/12.16:43:32 K.31
FL E:/Robert/DRX_HLG/DDCv1_0/IO4/common/HE_RWCLK.vhd 2007/11/12.16:43:32 K.31
FL E:/Robert/DRX_HLG/DDCv1_0/IO4/common/HE_SCLK.vhd 2007/11/12.16:43:32 K.31
FL E:/Robert/DRX_HLG/DDCv1_0/IO4/common/HE_USER.vhd 2007/11/12.16:43:32 K.31
FL E:/Robert/DRX_HLG/DDCv1_0/IO4/Common/HE_WR_6F.vhd 2007/11/12.16:43:32 K.31
FL E:/Robert/DRX_HLG/DDCv1_0/IO4/common/TOP.vhd 2007/11/12.16:43:32 K.31
FL E:/Robert/DRX_HLG/DDCv1_0/IO4/common/V2ES_RWC.vhd 2007/11/12.16:43:32 K.31
FL E:/Robert/DRX_HLG/DDCv1_0/IO4/Common/V2_RD_6F.vhd 2007/11/12.16:43:32 K.31
FL E:/Robert/DRX_HLG/IO4_Tx/ADC+/ISE/rawfifo511x14.vhd 2016/09/30.13:39:01 K.31
FL E:/Robert/DRX_HLG/IO4_Tx/ADC+/Src/led.vhd 2007/11/12.16:43:32 K.31
FL E:/Robert/DRX_HLG/IO4_Tx/ADC+/Src/USER_AP_ADC.vhd 2017/10/06.14:25:09 K.31
FL E:/Robert/DRX_HLG/IO4_Tx/common/HE_ADC.vhd 2007/11/12.16:43:32 K.31
FL E:/Robert/DRX_HLG/IO4_Tx/common/HE_DAC.vhd 2007/11/12.16:43:32 K.31
FL E:/Robert/DRX_HLG/IO4_Tx/common/HE_RWCLK.vhd 2007/11/12.16:43:32 K.31
FL E:/Robert/DRX_HLG/IO4_Tx/common/HE_SCLK.vhd 2007/11/12.16:43:32 K.31
FL E:/Robert/DRX_HLG/IO4_Tx/common/HE_USER.vhd 2007/11/12.16:43:32 K.31
FL E:/Robert/DRX_HLG/IO4_Tx/Common/HE_WR_6F.vhd 2007/11/12.16:43:32 K.31
FL E:/Robert/DRX_HLG/IO4_Tx/common/TOP.vhd 2017/09/28.11:52:03 K.31
FL E:/Robert/DRX_HLG/IO4_Tx/common/V2ES_RWC.vhd 2007/11/12.16:43:32 K.31
FL E:/Robert/DRX_HLG/IO4_Tx/Common/V2_RD_6F.vhd 2007/11/12.16:43:32 K.31
FL "E:/Robert/Proyecto DRX sin SW/IO4_Tx/ADC+/ISE/rawfifo511x14.vhd" 2016/09/30.12:39:01 K.31
FL "E:/Robert/Proyecto DRX sin SW/IO4_Tx/ADC+/Src/led.vhd" 2007/11/12.15:43:32 K.31
FL "E:/Robert/Proyecto DRX sin SW/IO4_Tx/ADC+/Src/USER_AP_ADC.vhd" 2018/01/30.14:23:45 K.31
FL "E:/Robert/Proyecto DRX sin SW/IO4_Tx/common/HE_ADC.vhd" 2007/11/12.15:43:32 K.31
FL "E:/Robert/Proyecto DRX sin SW/IO4_Tx/common/HE_DAC.vhd" 2007/11/12.15:43:32 K.31
FL "E:/Robert/Proyecto DRX sin SW/IO4_Tx/common/HE_RWCLK.vhd" 2007/11/12.15:43:32 K.31
FL "E:/Robert/Proyecto DRX sin SW/IO4_Tx/common/HE_SCLK.vhd" 2007/11/12.15:43:32 K.31
FL "E:/Robert/Proyecto DRX sin SW/IO4_Tx/common/HE_USER.vhd" 2007/11/12.15:43:32 K.31
FL "E:/Robert/Proyecto DRX sin SW/IO4_Tx/Common/HE_WR_6F.vhd" 2007/11/12.15:43:32 K.31
FL "E:/Robert/Proyecto DRX sin SW/IO4_Tx/common/TOP.vhd" 2017/09/28.10:52:03 K.31
FL "E:/Robert/Proyecto DRX sin SW/IO4_Tx/common/V2ES_RWC.vhd" 2007/11/12.15:43:32 K.31
FL "E:/Robert/Proyecto DRX sin SW/IO4_Tx/Common/V2_RD_6F.vhd" 2007/11/12.15:43:32 K.31
FL "E:/Robert/Proyecto Radar CSB/NO Doppler/IO4_Tx/ADC+/ISE/rawfifo511x14.vhd" 2018/02/02.09:03:24 K.31
FL "E:/Robert/Proyecto Radar CSB/NO Doppler/IO4_Tx/ADC+/Src/led.vhd" 2007/11/12.15:43:32 K.31
FL "E:/Robert/Proyecto Radar CSB/NO Doppler/IO4_Tx/ADC+/Src/USER_AP_ADC.vhd" 2018/02/02.14:57:22 K.31
FL "E:/Robert/Proyecto Radar CSB/NO Doppler/IO4_Tx/common/HE_ADC.vhd" 2007/11/12.15:43:32 K.31
FL "E:/Robert/Proyecto Radar CSB/NO Doppler/IO4_Tx/common/HE_DAC.vhd" 2007/11/12.15:43:32 K.31
FL "E:/Robert/Proyecto Radar CSB/NO Doppler/IO4_Tx/common/HE_RWCLK.vhd" 2007/11/12.15:43:32 K.31
FL "E:/Robert/Proyecto Radar CSB/NO Doppler/IO4_Tx/common/HE_SCLK.vhd" 2007/11/12.15:43:32 K.31
FL "E:/Robert/Proyecto Radar CSB/NO Doppler/IO4_Tx/common/HE_USER.vhd" 2007/11/12.15:43:32 K.31
FL "E:/Robert/Proyecto Radar CSB/NO Doppler/IO4_Tx/Common/HE_WR_6F.vhd" 2007/11/12.15:43:32 K.31
FL "E:/Robert/Proyecto Radar CSB/NO Doppler/IO4_Tx/common/TOP.vhd" 2017/09/28.10:52:03 K.31
FL "E:/Robert/Proyecto Radar CSB/NO Doppler/IO4_Tx/common/V2ES_RWC.vhd" 2007/11/12.15:43:32 K.31
FL "E:/Robert/Proyecto Radar CSB/NO Doppler/IO4_Tx/Common/V2_RD_6F.vhd" 2007/11/12.15:43:32 K.31
FL "E:/Robert/Proyecto Radar CSB/NO Doppler/V2.1/IO4_Tx/ADC+/ISE/iq_out_fifo.vhd" 2018/02/22.10:00:02 K.31
FL "E:/Robert/Proyecto Radar CSB/NO Doppler/V2.1/IO4_Tx/ADC+/ISE/lpfilter.vhd" 2009/05/08.10:20:04 K.31
FL "E:/Robert/Proyecto Radar CSB/NO Doppler/V2.1/IO4_Tx/ADC+/ISE/outputfifo.vhd" 2009/05/08.10:15:52 K.31
FL "E:/Robert/Proyecto Radar CSB/NO Doppler/V2.1/IO4_Tx/ADC+/ISE/rawfifo511x14.vhd" 2018/02/08.14:59:13 K.31
FL "E:/Robert/Proyecto Radar CSB/NO Doppler/V2.1/IO4_Tx/ADC+/ISE/times360.vhd" 2012/03/17.20:13:46 K.31
FL "E:/Robert/Proyecto Radar CSB/NO Doppler/V2.1/IO4_Tx/ADC+/Src/led.vhd" 2007/11/12.15:43:32 K.31
FL "E:/Robert/Proyecto Radar CSB/NO Doppler/V2.1/IO4_Tx/ADC+/Src/mod_m_cter.vhd" 2017/10/24.11:13:18 K.31
FL "E:/Robert/Proyecto Radar CSB/NO Doppler/V2.1/IO4_Tx/ADC+/Src/UART_TX.vhd" 2017/10/24.13:19:44 K.31
FL "E:/Robert/Proyecto Radar CSB/NO Doppler/V2.1/IO4_Tx/ADC+/Src/USER_AP_ADC.vhd" 2018/02/23.15:09:32 K.31
FL "E:/Robert/Proyecto Radar CSB/NO Doppler/V2.1/IO4_Tx/common/HE_ADC.vhd" 2007/11/12.15:43:32 K.31
FL "E:/Robert/Proyecto Radar CSB/NO Doppler/V2.1/IO4_Tx/common/HE_DAC.vhd" 2007/11/12.15:43:32 K.31
FL "E:/Robert/Proyecto Radar CSB/NO Doppler/V2.1/IO4_Tx/common/HE_RWCLK.vhd" 2007/11/12.15:43:32 K.31
FL "E:/Robert/Proyecto Radar CSB/NO Doppler/V2.1/IO4_Tx/common/HE_SCLK.vhd" 2007/11/12.15:43:32 K.31
FL "E:/Robert/Proyecto Radar CSB/NO Doppler/V2.1/IO4_Tx/common/HE_USER.vhd" 2007/11/12.15:43:32 K.31
FL "E:/Robert/Proyecto Radar CSB/NO Doppler/V2.1/IO4_Tx/Common/HE_WR_6F.vhd" 2007/11/12.15:43:32 K.31
FL "E:/Robert/Proyecto Radar CSB/NO Doppler/V2.1/IO4_Tx/common/TOP.vhd" 2017/09/28.10:52:03 K.31
FL "E:/Robert/Proyecto Radar CSB/NO Doppler/V2.1/IO4_Tx/common/V2ES_RWC.vhd" 2007/11/12.15:43:32 K.31
FL "E:/Robert/Proyecto Radar CSB/NO Doppler/V2.1/IO4_Tx/Common/V2_RD_6F.vhd" 2007/11/12.15:43:32 K.31
FL "E:/Robert/Proyecto Radar CSB/NO Doppler/V_2/IO4_Tx/ADC+/ISE/DCMx1.vhd" 2018/02/09.09:28:27 K.31
EN work/DCMx1 1518186617 \
      FL "E:/Robert/Proyecto Radar CSB/NO Doppler/V_2/IO4_Tx/ADC+/ISE/DCMx1.vhd" \
      PB ieee/std_logic_1164 1200023565 PH ieee/NUMERIC_STD 1200023568 LB UNISIM \
      PH unisim/VCOMPONENTS 1200023571
AR work/DCMx1/BEHAVIORAL 1518186618 \
      FL "E:/Robert/Proyecto Radar CSB/NO Doppler/V_2/IO4_Tx/ADC+/ISE/DCMx1.vhd" \
      EN work/DCMx1 1518186617 CP BUFG CP DCM
FL "E:/Robert/Proyecto Radar CSB/NO Doppler/V_2/IO4_Tx/ADC+/ISE/DCMx10.vhd" 2018/02/09.10:53:54 K.31
EN work/DCMx10 1518191642 \
      FL "E:/Robert/Proyecto Radar CSB/NO Doppler/V_2/IO4_Tx/ADC+/ISE/DCMx10.vhd" \
      PB ieee/std_logic_1164 1200023565 PH ieee/NUMERIC_STD 1200023568 LB UNISIM \
      PH unisim/VCOMPONENTS 1200023571
AR work/DCMx10/BEHAVIORAL 1518191643 \
      FL "E:/Robert/Proyecto Radar CSB/NO Doppler/V_2/IO4_Tx/ADC+/ISE/DCMx10.vhd" \
      EN work/DCMx10 1518191642 CP BUFG CP DCM
FL "E:/Robert/Proyecto Radar CSB/NO Doppler/V_2/IO4_Tx/ADC+/ISE/DCMx5.vhd" 2018/02/09.10:37:19 K.31
EN work/DCMx5 1518190645 \
      FL "E:/Robert/Proyecto Radar CSB/NO Doppler/V_2/IO4_Tx/ADC+/ISE/DCMx5.vhd" \
      PB ieee/std_logic_1164 1200023565 PH ieee/NUMERIC_STD 1200023568 LB UNISIM \
      PH unisim/VCOMPONENTS 1200023571
AR work/DCMx5/BEHAVIORAL 1518190646 \
      FL "E:/Robert/Proyecto Radar CSB/NO Doppler/V_2/IO4_Tx/ADC+/ISE/DCMx5.vhd" \
      EN work/DCMx5 1518190645 CP BUFG CP DCM
FL "E:/Robert/Proyecto Radar CSB/NO Doppler/V_2/IO4_Tx/ADC+/ISE/lpfilter.vhd" 2009/05/08.10:20:04 K.31
FL "E:/Robert/Proyecto Radar CSB/NO Doppler/V_2/IO4_Tx/ADC+/ISE/MyDCM.vhd" 2018/02/08.17:13:45 K.31
EN work/MyDCM 1518128030 \
      FL "E:/Robert/Proyecto Radar CSB/NO Doppler/V_2/IO4_Tx/ADC+/ISE/MyDCM.vhd" \
      PB ieee/std_logic_1164 1200023565 PH ieee/NUMERIC_STD 1200023568 LB UNISIM \
      PH unisim/VCOMPONENTS 1200023571
AR work/MyDCM/BEHAVIORAL 1518128031 \
      FL "E:/Robert/Proyecto Radar CSB/NO Doppler/V_2/IO4_Tx/ADC+/ISE/MyDCM.vhd" \
      EN work/MyDCM 1518128030 CP BUFG CP DCM
FL "E:/Robert/Proyecto Radar CSB/NO Doppler/V_2/IO4_Tx/ADC+/ISE/rawfifo511x14.vhd" 2018/02/08.14:59:13 K.31
FL "E:/Robert/Proyecto Radar CSB/NO Doppler/V_2/IO4_Tx/ADC+/Src/led.vhd" 2007/11/12.15:43:32 K.31
FL "E:/Robert/Proyecto Radar CSB/NO Doppler/V_2/IO4_Tx/ADC+/Src/USER_AP_ADC.vhd" 2018/02/16.14:21:35 K.31
FL "E:/Robert/Proyecto Radar CSB/NO Doppler/V_2/IO4_Tx/common/HE_ADC.vhd" 2007/11/12.15:43:32 K.31
FL "E:/Robert/Proyecto Radar CSB/NO Doppler/V_2/IO4_Tx/common/HE_DAC.vhd" 2007/11/12.15:43:32 K.31
FL "E:/Robert/Proyecto Radar CSB/NO Doppler/V_2/IO4_Tx/common/HE_RWCLK.vhd" 2007/11/12.15:43:32 K.31
FL "E:/Robert/Proyecto Radar CSB/NO Doppler/V_2/IO4_Tx/common/HE_SCLK.vhd" 2007/11/12.15:43:32 K.31
FL "E:/Robert/Proyecto Radar CSB/NO Doppler/V_2/IO4_Tx/common/HE_USER.vhd" 2007/11/12.15:43:32 K.31
FL "E:/Robert/Proyecto Radar CSB/NO Doppler/V_2/IO4_Tx/Common/HE_WR_6F.vhd" 2007/11/12.15:43:32 K.31
FL "E:/Robert/Proyecto Radar CSB/NO Doppler/V_2/IO4_Tx/common/TOP.vhd" 2017/09/28.10:52:03 K.31
FL "E:/Robert/Proyecto Radar CSB/NO Doppler/V_2/IO4_Tx/common/V2ES_RWC.vhd" 2007/11/12.15:43:32 K.31
FL "E:/Robert/Proyecto Radar CSB/NO Doppler/V_2/IO4_Tx/Common/V2_RD_6F.vhd" 2007/11/12.15:43:32 K.31
FL "E:/Robert/Proyecto Radar CSB/NO Doppler/V_3/IO4_Tx/ADC+/ISE/iq_out_fifo.vhd" 2018/02/22.10:00:02 K.31
FL "E:/Robert/Proyecto Radar CSB/NO Doppler/V_3/IO4_Tx/ADC+/ISE/lpfilter.vhd" 2009/05/08.10:20:04 K.31
FL "E:/Robert/Proyecto Radar CSB/NO Doppler/V_3/IO4_Tx/ADC+/ISE/outputfifo.vhd" 2009/05/08.10:15:52 K.31
FL "E:/Robert/Proyecto Radar CSB/NO Doppler/V_3/IO4_Tx/ADC+/ISE/rawfifo511x14.vhd" 2018/02/08.14:59:13 K.31
FL "E:/Robert/Proyecto Radar CSB/NO Doppler/V_3/IO4_Tx/ADC+/ISE/times360.vhd" 2012/03/17.20:13:46 K.31
FL "E:/Robert/Proyecto Radar CSB/NO Doppler/V_3/IO4_Tx/ADC+/Src/led.vhd" 2007/11/12.15:43:32 K.31
FL "E:/Robert/Proyecto Radar CSB/NO Doppler/V_3/IO4_Tx/ADC+/Src/mod_m_cter.vhd" 2017/10/24.11:13:18 K.31
FL "E:/Robert/Proyecto Radar CSB/NO Doppler/V_3/IO4_Tx/ADC+/Src/UART_TX.vhd" 2017/10/24.13:19:44 K.31
FL "E:/Robert/Proyecto Radar CSB/NO Doppler/V_3/IO4_Tx/ADC+/Src/USER_AP_ADC.vhd" 2018/02/23.09:16:02 K.31
FL "E:/Robert/Proyecto Radar CSB/NO Doppler/V_3/IO4_Tx/common/HE_ADC.vhd" 2007/11/12.15:43:32 K.31
FL "E:/Robert/Proyecto Radar CSB/NO Doppler/V_3/IO4_Tx/common/HE_DAC.vhd" 2007/11/12.15:43:32 K.31
FL "E:/Robert/Proyecto Radar CSB/NO Doppler/V_3/IO4_Tx/common/HE_RWCLK.vhd" 2007/11/12.15:43:32 K.31
FL "E:/Robert/Proyecto Radar CSB/NO Doppler/V_3/IO4_Tx/common/HE_SCLK.vhd" 2007/11/12.15:43:32 K.31
FL "E:/Robert/Proyecto Radar CSB/NO Doppler/V_3/IO4_Tx/common/HE_USER.vhd" 2007/11/12.15:43:32 K.31
FL "E:/Robert/Proyecto Radar CSB/NO Doppler/V_3/IO4_Tx/Common/HE_WR_6F.vhd" 2007/11/12.15:43:32 K.31
FL "E:/Robert/Proyecto Radar CSB/NO Doppler/V_3/IO4_Tx/common/TOP.vhd" 2017/09/28.10:52:03 K.31
FL "E:/Robert/Proyecto Radar CSB/NO Doppler/V_3/IO4_Tx/common/V2ES_RWC.vhd" 2007/11/12.15:43:32 K.31
FL "E:/Robert/Proyecto Radar CSB/NO Doppler/V_3/IO4_Tx/Common/V2_RD_6F.vhd" 2007/11/12.15:43:32 K.31
FL "E:/Robert/prubeas con nuevo DDC/DDCv1_0/IO4/ADC+/ISE/rawfifo511x14.vhd" 2016/09/30.13:39:01 K.31
FL "E:/Robert/prubeas con nuevo DDC/DDCv1_0/IO4/ADC+/Src/led.vhd" 2007/11/12.16:43:32 K.31
FL "E:/Robert/prubeas con nuevo DDC/DDCv1_0/IO4/ADC+/Src/USER_AP_ADC.vhd" 2017/06/12.10:49:29 K.31
FL "E:/Robert/prubeas con nuevo DDC/DDCv1_0/IO4/common/HE_ADC.vhd" 2007/11/12.16:43:32 K.31
FL "E:/Robert/prubeas con nuevo DDC/DDCv1_0/IO4/common/HE_DAC.vhd" 2007/11/12.16:43:32 K.31
FL "E:/Robert/prubeas con nuevo DDC/DDCv1_0/IO4/common/HE_RWCLK.vhd" 2007/11/12.16:43:32 K.31
FL "E:/Robert/prubeas con nuevo DDC/DDCv1_0/IO4/common/HE_SCLK.vhd" 2007/11/12.16:43:32 K.31
FL "E:/Robert/prubeas con nuevo DDC/DDCv1_0/IO4/common/HE_USER.vhd" 2007/11/12.16:43:32 K.31
FL "E:/Robert/prubeas con nuevo DDC/DDCv1_0/IO4/Common/HE_WR_6F.vhd" 2007/11/12.16:43:32 K.31
FL "E:/Robert/prubeas con nuevo DDC/DDCv1_0/IO4/common/TOP.vhd" 2007/11/12.16:43:32 K.31
FL "E:/Robert/prubeas con nuevo DDC/DDCv1_0/IO4/common/V2ES_RWC.vhd" 2007/11/12.16:43:32 K.31
FL "E:/Robert/prubeas con nuevo DDC/DDCv1_0/IO4/Common/V2_RD_6F.vhd" 2007/11/12.16:43:32 K.31
FL "G:/Robert/Proyecto Radar Doppler/Proyecto Radar CSB/NO Doppler/V_2/IO4_Tx/ADC+/ISE/lpfilter.vhd" 2009/05/08.10:20:04 K.31
FL "G:/Robert/Proyecto Radar Doppler/Proyecto Radar CSB/NO Doppler/V_2/IO4_Tx/ADC+/ISE/rawfifo511x14.vhd" 2018/02/08.14:59:13 K.31
FL "G:/Robert/Proyecto Radar Doppler/Proyecto Radar CSB/NO Doppler/V_2/IO4_Tx/ADC+/Src/led.vhd" 2007/11/12.15:43:32 K.31
FL "G:/Robert/Proyecto Radar Doppler/Proyecto Radar CSB/NO Doppler/V_2/IO4_Tx/ADC+/Src/USER_AP_ADC.vhd" 2018/02/14.15:09:27 K.31
FL "G:/Robert/Proyecto Radar Doppler/Proyecto Radar CSB/NO Doppler/V_2/IO4_Tx/common/HE_ADC.vhd" 2007/11/12.15:43:32 K.31
FL "G:/Robert/Proyecto Radar Doppler/Proyecto Radar CSB/NO Doppler/V_2/IO4_Tx/common/HE_DAC.vhd" 2007/11/12.15:43:32 K.31
FL "G:/Robert/Proyecto Radar Doppler/Proyecto Radar CSB/NO Doppler/V_2/IO4_Tx/common/HE_RWCLK.vhd" 2007/11/12.15:43:32 K.31
FL "G:/Robert/Proyecto Radar Doppler/Proyecto Radar CSB/NO Doppler/V_2/IO4_Tx/common/HE_SCLK.vhd" 2007/11/12.15:43:32 K.31
FL "G:/Robert/Proyecto Radar Doppler/Proyecto Radar CSB/NO Doppler/V_2/IO4_Tx/common/HE_USER.vhd" 2007/11/12.15:43:32 K.31
FL "G:/Robert/Proyecto Radar Doppler/Proyecto Radar CSB/NO Doppler/V_2/IO4_Tx/Common/HE_WR_6F.vhd" 2007/11/12.15:43:32 K.31
FL "G:/Robert/Proyecto Radar Doppler/Proyecto Radar CSB/NO Doppler/V_2/IO4_Tx/common/TOP.vhd" 2017/09/28.10:52:03 K.31
FL "G:/Robert/Proyecto Radar Doppler/Proyecto Radar CSB/NO Doppler/V_2/IO4_Tx/common/V2ES_RWC.vhd" 2007/11/12.15:43:32 K.31
FL "G:/Robert/Proyecto Radar Doppler/Proyecto Radar CSB/NO Doppler/V_2/IO4_Tx/Common/V2_RD_6F.vhd" 2007/11/12.15:43:32 K.31
